******************************************************************************
                  TI ARM Linker PC v20.2.7                     
******************************************************************************
>> Linked Thu Feb 29 10:30:08 2024

OUTPUT FILE NAME:   <LineFollowerRobot.out>
ENTRY POINT SYMBOL: "_c_int00_noargs"  address: 00001621


MEMORY CONFIGURATION

         name            origin    length      used     unused   attr    fill
----------------------  --------  ---------  --------  --------  ----  --------
  MAIN                  00000000   00040000  00001710  0003e8f0  R  X
  INFO                  00200000   00004000  00000000  00004000  R  X
  SRAM_CODE             01000000   00010000  0000043f  0000fbc1  RW X
  SRAM_DATA             20000000   00010000  0000043f  0000fbc1  RW  


SEGMENT ALLOCATION MAP

run origin  load origin   length   init length attrs members
----------  ----------- ---------- ----------- ----- -------
00000000    00000000    00001710   00001710    r-x
  00000000    00000000    000000e4   000000e4    r-- .intvecs
  000000e4    000000e4    000015d4   000015d4    r-x .text
  000016b8    000016b8    00000008   00000008    r-- .const
  000016c0    000016c0    00000050   00000050    r-- .cinit
20000000    20000000    00000240   00000000    rw-
  20000000    20000000    00000207   00000000    rw- .bss
  20000208    20000208    00000038   00000000    rw- .data
2000fe00    2000fe00    00000200   00000000    rw-
  2000fe00    2000fe00    00000200   00000000    rw- .stack


SECTION ALLOCATION MAP

 output                                  attributes/
section   page    origin      length       input sections
--------  ----  ----------  ----------   ----------------
.intvecs   0    00000000    000000e4     
                  00000000    000000e4     startup_msp432p401r_ccs.obj (.intvecs:retain)

.text      0    000000e4    000015d4     
                  000000e4    000005c8     main.obj (.text)
                  000006ac    00000334     system_msp432p401r.obj (.text)
                  000009e0    00000228     PWM.obj (.text)
                  00000c08    0000021c     Reflectance.obj (.text)
                  00000e24    000001e0     Clock.obj (.text)
                  00001004    0000017c     Motor.obj (.text)
                  00001180    000000fc     Bump.obj (.text)
                  0000127c    000000f8     LaunchPad.obj (.text)
                  00001374    000000a8     TimerA1.obj (.text)
                  0000141c    0000009c     rtsv7M4_T_le_v4SPD16_eabi.lib : memcpy_t2.asm.obj (.text)
                  000014b8    0000007a                                   : memset_t2.asm.obj (.text)
                  00001532    00000068                                   : copy_decompress_lzss.c.obj (.text:decompress:lzss:__TI_decompress_lzss)
                  0000159a    00000002     --HOLE-- [fill = 0]
                  0000159c    00000044                                   : autoinit.c.obj (.text:__TI_auto_init_nobinit_nopinit:__TI_auto_init_nobinit_nopinit)
                  000015e0    00000040     SysTickInts.obj (.text)
                  00001620    00000034     rtsv7M4_T_le_v4SPD16_eabi.lib : boot_cortex_m.c.obj (.text:_c_int00_noargs:_c_int00_noargs)
                  00001654    00000024     CortexM.obj (.text)
                  00001678    0000001c     rtsv7M4_T_le_v4SPD16_eabi.lib : copy_zero_init.c.obj (.text:decompress:ZI:__TI_zero_init_nomemset:__TI_zero_init_nomemset)
                  00001694    0000000e                                   : copy_decompress_none.c.obj (.text:decompress:none:__TI_decompress_none)
                  000016a2    0000000e     startup_msp432p401r_ccs.obj (.text)
                  000016b0    00000004     rtsv7M4_T_le_v4SPD16_eabi.lib : pre_init.c.obj (.text:_system_pre_init)
                  000016b4    00000004                                   : exit.c.obj (.text:abort:abort)

.const     0    000016b8    00000008     
                  000016b8    00000008     Reflectance.obj (.const:.string:$P$T0$1)

.cinit     0    000016c0    00000050     
                  000016c0    00000028     (.cinit..data.load) [load image, compression = lzss]
                  000016e8    0000000c     (__TI_handler_table)
                  000016f4    00000004     --HOLE-- [fill = 0]
                  000016f8    00000008     (.cinit..bss.load) [load image, compression = zero_init]
                  00001700    00000010     (__TI_cinit_table)

.init_array 
*          0    00000000    00000000     UNINITIALIZED

.binit     0    00000000    00000000     

.bss       0    20000000    00000207     UNINITIALIZED
                  20000000    00000200     (.common:fsmTable)
                  20000200    00000004     (.common:TimerA1Task)
                  20000204    00000001     (.common:bump_data)
                  20000205    00000001     (.common:reflectance_data)
                  20000206    00000001     (.common:reflectance_posn)

.data      0    20000208    00000038     UNINITIALIZED
                  20000208    00000019     main.obj (.data)
                  20000221    00000003     --HOLE--
                  20000224    00000018     Clock.obj (.data)
                  2000023c    00000004     system_msp432p401r.obj (.data)

.stack     0    2000fe00    00000200     UNINITIALIZED
                  2000fe00    00000004     rtsv7M4_T_le_v4SPD16_eabi.lib : boot_cortex_m.c.obj (.stack)
                  2000fe04    000001fc     --HOLE--

__llvm_prf_cnts 
*          0    20000000    00000000     UNINITIALIZED

MODULE SUMMARY

       Module                        code   ro data   rw data
       ------                        ----   -------   -------
    .\
       main.obj                      1480   0         1080   
       system_msp432p401r.obj        820    0         8      
       PWM.obj                       552    0         0      
       Reflectance.obj               540    8         0      
       Clock.obj                     480    0         48     
       Motor.obj                     380    0         0      
       Bump.obj                      252    0         0      
       LaunchPad.obj                 248    0         0      
       startup_msp432p401r_ccs.obj   14     228       0      
       TimerA1.obj                   168    0         8      
       SysTickInts.obj               64     0         0      
       CortexM.obj                   36     0         0      
    +--+-----------------------------+------+---------+---------+
       Total:                        5034   236       1144   
                                                             
    C:\ti\ccs1250\ccs\tools\compiler\ti-cgt-arm_20.2.7.LTS\lib\rtsv7M4_T_le_v4SPD16_eabi.lib
       memcpy_t2.asm.obj             156    0         0      
       memset_t2.asm.obj             122    0         0      
       copy_decompress_lzss.c.obj    104    0         0      
       autoinit.c.obj                68     0         0      
       boot_cortex_m.c.obj           52     0         0      
       copy_zero_init.c.obj          28     0         0      
       copy_decompress_none.c.obj    14     0         0      
       exit.c.obj                    4      0         0      
       pre_init.c.obj                4      0         0      
    +--+-----------------------------+------+---------+---------+
       Total:                        552    0         0      
                                                             
       Stack:                        0      0         1024   
       Linker Generated:             0      76        0      
    +--+-----------------------------+------+---------+---------+
       Grand Total:                  5586   312       2168   


LINKER GENERATED COPY TABLES

__TI_cinit_table @ 00001700 records: 2, size/record: 8, table size: 16
	.data: load addr=000016c0, load size=00000028 bytes, run addr=20000208, run size=00000038 bytes, compression=lzss
	.bss: load addr=000016f8, load size=00000008 bytes, run addr=20000000, run size=00000207 bytes, compression=zero_init


LINKER GENERATED HANDLER TABLE

__TI_handler_table @ 000016e8 records: 3, size/record: 4, table size: 12
	index: 0, handler: __TI_decompress_lzss
	index: 1, handler: __TI_decompress_none
	index: 2, handler: __TI_zero_init


GLOBAL SYMBOLS: SORTED ALPHABETICALLY BY Name 

address   name                          
-------   ----                          
000016af  ADC14_IRQHandler              
000016af  AES256_IRQHandler             
00001181  Bump_Init                     
000011b9  Bump_Read                     
000016af  BusFault_Handler              
000016b5  C$$EXIT                       
000016af  COMP_E0_IRQHandler            
000016af  COMP_E1_IRQHandler            
2000022c  CPMwait                       
000016af  CS_IRQHandler                 
20000224  ClockFrequency                
00000f79  Clock_Delay1ms                
00000f4f  Clock_Delay1us                
00000f3b  Clock_GetFreq                 
00000e25  Clock_Init48MHz               
20000238  Crystalstable                 
000016af  DMA_ERR_IRQHandler            
000016af  DMA_INT0_IRQHandler           
000016af  DMA_INT1_IRQHandler           
000016af  DMA_INT2_IRQHandler           
000016af  DMA_INT3_IRQHandler           
000016af  DebugMon_Handler              
000016af  Default_Handler               
00001655  DisableInterrupts             
000016af  EUSCIA0_IRQHandler            
000016af  EUSCIA1_IRQHandler            
000016af  EUSCIA2_IRQHandler            
000016af  EUSCIA3_IRQHandler            
000016af  EUSCIB0_IRQHandler            
000016af  EUSCIB1_IRQHandler            
000016af  EUSCIB2_IRQHandler            
000016af  EUSCIB3_IRQHandler            
0000165b  EnableInterrupts              
0000166b  EndCritical                   
000016af  FLCTL_IRQHandler              
000016af  FPU_IRQHandler                
000016af  HardFault_Handler             
20000234  IFlags                        
0000127d  LaunchPad_Init                
000012ed  LaunchPad_Input               
0000130b  LaunchPad_LED                 
00001329  LaunchPad_Output              
000016af  MemManage_Handler             
0000112d  Motor_Backward                
00001089  Motor_Forward                 
00001005  Motor_Init                    
000010f3  Motor_Left                    
000010b9  Motor_Right                   
0000105b  Motor_Stop                    
000016af  NMI_Handler                   
000016af  PCM_IRQHandler                
000016af  PORT1_IRQHandler              
000016af  PORT2_IRQHandler              
000016af  PORT3_IRQHandler              
000016af  PORT4_IRQHandler              
000016af  PORT5_IRQHandler              
000016af  PORT6_IRQHandler              
000016af  PSS_IRQHandler                
00000acb  PWM_Duty1                     
00000aeb  PWM_Duty2                     
00000b8f  PWM_Duty3                     
00000baf  PWM_Duty4                     
000009e1  PWM_Init1                     
00000a47  PWM_Init12                    
00000b0b  PWM_Init34                    
000016af  PendSV_Handler                
20000230  Postwait                      
20000228  Prewait                       
000016af  RTC_C_IRQHandler              
00000ce9  Reflectance_Center            
00000db3  Reflectance_End               
00000c09  Reflectance_Init              
00000cf5  Reflectance_Position          
00000c8d  Reflectance_Read              
00000d79  Reflectance_Start             
000016a3  Reset_Handler                 
000016af  SVC_Handler                   
00001661  StartCritical                 
0000029f  SysTick_Handler               
0000029f  SysTick_Handler               
000015e1  SysTick_Init                  
2000023c  SystemCoreClock               
000006ad  SystemCoreClockUpdate         
00000925  SystemInit                    
000016af  T32_INT1_IRQHandler           
000016af  T32_INT2_IRQHandler           
000016af  T32_INTC_IRQHandler           
000016af  TA0_0_IRQHandler              
000016af  TA0_N_IRQHandler              
000013e7  TA1_0_IRQHandler              
000013e7  TA1_0_IRQHandler              
000016af  TA1_N_IRQHandler              
000016af  TA2_0_IRQHandler              
000016af  TA2_N_IRQHandler              
000016af  TA3_0_IRQHandler              
000016af  TA3_N_IRQHandler              
0000036b  TimedPause                    
20000200  TimerA1Task                   
00001375  TimerA1_Init                  
000013d3  TimerA1_Stop                  
000016af  UsageFault_Handler            
4000480c  WDTCTL_SYM                    
000016af  WDT_A_IRQHandler              
00001673  WaitForInterrupt              
20010000  __STACK_END                   
00000200  __STACK_SIZE                  
00001700  __TI_CINIT_Base               
00001710  __TI_CINIT_Limit              
000016e8  __TI_Handler_Table_Base       
000016f4  __TI_Handler_Table_Limit      
0000159d  __TI_auto_init_nobinit_nopinit
00001533  __TI_decompress_lzss          
00001695  __TI_decompress_none          
ffffffff  __TI_pprof_out_hndl           
ffffffff  __TI_prof_data_size           
ffffffff  __TI_prof_data_start          
00000000  __TI_static_base__            
00001679  __TI_zero_init_nomemset       
000014b9  __aeabi_memclr                
000014b9  __aeabi_memclr4               
000014b9  __aeabi_memclr8               
0000141d  __aeabi_memcpy                
0000141d  __aeabi_memcpy4               
0000141d  __aeabi_memcpy8               
000014bb  __aeabi_memset                
000014bb  __aeabi_memset4               
000014bb  __aeabi_memset8               
ffffffff  __binit__                     
ffffffff  __c_args__                    
UNDEFED   __mpu_init                    
2000fe00  __stack                       
20000000  __start___llvm_prf_cnts       
20000000  __stop___llvm_prf_cnts        
00001621  _c_int00_noargs               
UNDEFED   _system_post_cinit            
000016b1  _system_pre_init              
000016b5  abort                         
2000020c  backup_speed                  
ffffffff  binit                         
20000204  bump_data                     
000002dd  bump_interrupt                
00000f41  delay                         
20000000  fsmTable                      
00000145  goBackwards                   
00000105  goLeft                        
00000125  goRight                       
000000e5  goStraight                    
0000016d  initializeFSMTable            
00000000  interruptVectors              
00000461  main                          
0000141d  memcpy                        
000014c1  memset                        
0000026b  processInput                  
20000205  reflectance_data              
20000206  reflectance_posn              
20000208  speed                         
00000165  stop                          
20000210  time1                         
20000214  time2                         
20000218  time3                         
2000021c  time_backup                   


GLOBAL SYMBOLS: SORTED BY Symbol Address 

address   name                          
-------   ----                          
00000000  __TI_static_base__            
00000000  interruptVectors              
000000e5  goStraight                    
00000105  goLeft                        
00000125  goRight                       
00000145  goBackwards                   
00000165  stop                          
0000016d  initializeFSMTable            
00000200  __STACK_SIZE                  
0000026b  processInput                  
0000029f  SysTick_Handler               
0000029f  SysTick_Handler               
000002dd  bump_interrupt                
0000036b  TimedPause                    
00000461  main                          
000006ad  SystemCoreClockUpdate         
00000925  SystemInit                    
000009e1  PWM_Init1                     
00000a47  PWM_Init12                    
00000acb  PWM_Duty1                     
00000aeb  PWM_Duty2                     
00000b0b  PWM_Init34                    
00000b8f  PWM_Duty3                     
00000baf  PWM_Duty4                     
00000c09  Reflectance_Init              
00000c8d  Reflectance_Read              
00000ce9  Reflectance_Center            
00000cf5  Reflectance_Position          
00000d79  Reflectance_Start             
00000db3  Reflectance_End               
00000e25  Clock_Init48MHz               
00000f3b  Clock_GetFreq                 
00000f41  delay                         
00000f4f  Clock_Delay1us                
00000f79  Clock_Delay1ms                
00001005  Motor_Init                    
0000105b  Motor_Stop                    
00001089  Motor_Forward                 
000010b9  Motor_Right                   
000010f3  Motor_Left                    
0000112d  Motor_Backward                
00001181  Bump_Init                     
000011b9  Bump_Read                     
0000127d  LaunchPad_Init                
000012ed  LaunchPad_Input               
0000130b  LaunchPad_LED                 
00001329  LaunchPad_Output              
00001375  TimerA1_Init                  
000013d3  TimerA1_Stop                  
000013e7  TA1_0_IRQHandler              
000013e7  TA1_0_IRQHandler              
0000141d  __aeabi_memcpy                
0000141d  __aeabi_memcpy4               
0000141d  __aeabi_memcpy8               
0000141d  memcpy                        
000014b9  __aeabi_memclr                
000014b9  __aeabi_memclr4               
000014b9  __aeabi_memclr8               
000014bb  __aeabi_memset                
000014bb  __aeabi_memset4               
000014bb  __aeabi_memset8               
000014c1  memset                        
00001533  __TI_decompress_lzss          
0000159d  __TI_auto_init_nobinit_nopinit
000015e1  SysTick_Init                  
00001621  _c_int00_noargs               
00001655  DisableInterrupts             
0000165b  EnableInterrupts              
00001661  StartCritical                 
0000166b  EndCritical                   
00001673  WaitForInterrupt              
00001679  __TI_zero_init_nomemset       
00001695  __TI_decompress_none          
000016a3  Reset_Handler                 
000016af  ADC14_IRQHandler              
000016af  AES256_IRQHandler             
000016af  BusFault_Handler              
000016af  COMP_E0_IRQHandler            
000016af  COMP_E1_IRQHandler            
000016af  CS_IRQHandler                 
000016af  DMA_ERR_IRQHandler            
000016af  DMA_INT0_IRQHandler           
000016af  DMA_INT1_IRQHandler           
000016af  DMA_INT2_IRQHandler           
000016af  DMA_INT3_IRQHandler           
000016af  DebugMon_Handler              
000016af  Default_Handler               
000016af  EUSCIA0_IRQHandler            
000016af  EUSCIA1_IRQHandler            
000016af  EUSCIA2_IRQHandler            
000016af  EUSCIA3_IRQHandler            
000016af  EUSCIB0_IRQHandler            
000016af  EUSCIB1_IRQHandler            
000016af  EUSCIB2_IRQHandler            
000016af  EUSCIB3_IRQHandler            
000016af  FLCTL_IRQHandler              
000016af  FPU_IRQHandler                
000016af  HardFault_Handler             
000016af  MemManage_Handler             
000016af  NMI_Handler                   
000016af  PCM_IRQHandler                
000016af  PORT1_IRQHandler              
000016af  PORT2_IRQHandler              
000016af  PORT3_IRQHandler              
000016af  PORT4_IRQHandler              
000016af  PORT5_IRQHandler              
000016af  PORT6_IRQHandler              
000016af  PSS_IRQHandler                
000016af  PendSV_Handler                
000016af  RTC_C_IRQHandler              
000016af  SVC_Handler                   
000016af  T32_INT1_IRQHandler           
000016af  T32_INT2_IRQHandler           
000016af  T32_INTC_IRQHandler           
000016af  TA0_0_IRQHandler              
000016af  TA0_N_IRQHandler              
000016af  TA1_N_IRQHandler              
000016af  TA2_0_IRQHandler              
000016af  TA2_N_IRQHandler              
000016af  TA3_0_IRQHandler              
000016af  TA3_N_IRQHandler              
000016af  UsageFault_Handler            
000016af  WDT_A_IRQHandler              
000016b1  _system_pre_init              
000016b5  C$$EXIT                       
000016b5  abort                         
000016e8  __TI_Handler_Table_Base       
000016f4  __TI_Handler_Table_Limit      
00001700  __TI_CINIT_Base               
00001710  __TI_CINIT_Limit              
20000000  __start___llvm_prf_cnts       
20000000  __stop___llvm_prf_cnts        
20000000  fsmTable                      
20000200  TimerA1Task                   
20000204  bump_data                     
20000205  reflectance_data              
20000206  reflectance_posn              
20000208  speed                         
2000020c  backup_speed                  
20000210  time1                         
20000214  time2                         
20000218  time3                         
2000021c  time_backup                   
20000224  ClockFrequency                
20000228  Prewait                       
2000022c  CPMwait                       
20000230  Postwait                      
20000234  IFlags                        
20000238  Crystalstable                 
2000023c  SystemCoreClock               
2000fe00  __stack                       
20010000  __STACK_END                   
4000480c  WDTCTL_SYM                    
ffffffff  __TI_pprof_out_hndl           
ffffffff  __TI_prof_data_size           
ffffffff  __TI_prof_data_start          
ffffffff  __binit__                     
ffffffff  __c_args__                    
ffffffff  binit                         
UNDEFED   __mpu_init                    
UNDEFED   _system_post_cinit            

[161 symbols]
