******************************************************************************
                  TI ARM Linker PC v20.2.7                     
******************************************************************************
>> Linked Fri Mar  1 17:09:22 2024

OUTPUT FILE NAME:   <LineFollowerRobot.out>
ENTRY POINT SYMBOL: "_c_int00_noargs"  address: 00001801


MEMORY CONFIGURATION

         name            origin    length      used     unused   attr    fill
----------------------  --------  ---------  --------  --------  ----  --------
  MAIN                  00000000   00040000  000018f8  0003e708  R  X
  INFO                  00200000   00004000  00000000  00004000  R  X
  SRAM_CODE             01000000   00010000  000004c7  0000fb39  RW X
  SRAM_DATA             20000000   00010000  000004c7  0000fb39  RW  


SEGMENT ALLOCATION MAP

run origin  load origin   length   init length attrs members
----------  ----------- ---------- ----------- ----- -------
00000000    00000000    000018f8   000018f8    r-x
  00000000    00000000    000000e4   000000e4    r-- .intvecs
  000000e4    000000e4    000017b4   000017b4    r-x .text
  00001898    00001898    00000010   00000010    r-- .const
  000018a8    000018a8    00000050   00000050    r-- .cinit
20000000    20000000    000002c8   00000000    rw-
  20000000    20000000    0000028f   00000000    rw- .bss
  20000290    20000290    00000038   00000000    rw- .data
2000fe00    2000fe00    00000200   00000000    rw-
  2000fe00    2000fe00    00000200   00000000    rw- .stack


SECTION ALLOCATION MAP

 output                                  attributes/
section   page    origin      length       input sections
--------  ----  ----------  ----------   ----------------
.intvecs   0    00000000    000000e4     
                  00000000    000000e4     startup_msp432p401r_ccs.obj (.intvecs:retain)

.text      0    000000e4    000017b4     
                  000000e4    000006ec     main.obj (.text)
                  000007d0    00000334     system_msp432p401r.obj (.text)
                  00000b04    000002d8     Reflectance.obj (.text)
                  00000ddc    00000228     PWM.obj (.text)
                  00001004    000001e0     Clock.obj (.text)
                  000011e4    0000017c     Motor.obj (.text)
                  00001360    000000fc     Bump.obj (.text)
                  0000145c    000000f8     LaunchPad.obj (.text)
                  00001554    000000a8     TimerA1.obj (.text)
                  000015fc    0000009c     rtsv7M4_T_le_v4SPD16_eabi.lib : memcpy_t2.asm.obj (.text)
                  00001698    0000007a                                   : memset_t2.asm.obj (.text)
                  00001712    00000068                                   : copy_decompress_lzss.c.obj (.text:decompress:lzss:__TI_decompress_lzss)
                  0000177a    00000002     --HOLE-- [fill = 0]
                  0000177c    00000044                                   : autoinit.c.obj (.text:__TI_auto_init_nobinit_nopinit:__TI_auto_init_nobinit_nopinit)
                  000017c0    00000040     SysTickInts.obj (.text)
                  00001800    00000034     rtsv7M4_T_le_v4SPD16_eabi.lib : boot_cortex_m.c.obj (.text:_c_int00_noargs:_c_int00_noargs)
                  00001834    00000024     CortexM.obj (.text)
                  00001858    0000001c     rtsv7M4_T_le_v4SPD16_eabi.lib : copy_zero_init.c.obj (.text:decompress:ZI:__TI_zero_init_nomemset:__TI_zero_init_nomemset)
                  00001874    0000000e                                   : copy_decompress_none.c.obj (.text:decompress:none:__TI_decompress_none)
                  00001882    0000000e     startup_msp432p401r_ccs.obj (.text)
                  00001890    00000004     rtsv7M4_T_le_v4SPD16_eabi.lib : pre_init.c.obj (.text:_system_pre_init)
                  00001894    00000004                                   : exit.c.obj (.text:abort:abort)

.const     0    00001898    00000010     
                  00001898    00000008     Reflectance.obj (.const:.string:$P$T0$1)
                  000018a0    00000008     Reflectance.obj (.const:.string:$P$T1$2)

.cinit     0    000018a8    00000050     
                  000018a8    00000028     (.cinit..data.load) [load image, compression = lzss]
                  000018d0    0000000c     (__TI_handler_table)
                  000018dc    00000004     --HOLE-- [fill = 0]
                  000018e0    00000008     (.cinit..bss.load) [load image, compression = zero_init]
                  000018e8    00000010     (__TI_cinit_table)

.init_array 
*          0    00000000    00000000     UNINITIALIZED

.binit     0    00000000    00000000     

.bss       0    20000000    0000028f     UNINITIALIZED
                  20000000    00000288     (.common:fsmTable)
                  20000288    00000004     (.common:TimerA1Task)
                  2000028c    00000001     (.common:bump_data)
                  2000028d    00000001     (.common:reflectance_data)
                  2000028e    00000001     (.common:reflectance_posn)

.data      0    20000290    00000038     UNINITIALIZED
                  20000290    00000019     main.obj (.data)
                  200002a9    00000003     --HOLE--
                  200002ac    00000018     Clock.obj (.data)
                  200002c4    00000004     system_msp432p401r.obj (.data)

.stack     0    2000fe00    00000200     UNINITIALIZED
                  2000fe00    00000004     rtsv7M4_T_le_v4SPD16_eabi.lib : boot_cortex_m.c.obj (.stack)
                  2000fe04    000001fc     --HOLE--

__llvm_prf_cnts 
*          0    20000000    00000000     UNINITIALIZED

MODULE SUMMARY

       Module                        code   ro data   rw data
       ------                        ----   -------   -------
    .\
       main.obj                      1772   0         1352   
       system_msp432p401r.obj        820    0         8      
       Reflectance.obj               728    16        0      
       PWM.obj                       552    0         0      
       Clock.obj                     480    0         48     
       Motor.obj                     380    0         0      
       Bump.obj                      252    0         0      
       LaunchPad.obj                 248    0         0      
       startup_msp432p401r_ccs.obj   14     228       0      
       TimerA1.obj                   168    0         8      
       SysTickInts.obj               64     0         0      
       CortexM.obj                   36     0         0      
    +--+-----------------------------+------+---------+---------+
       Total:                        5514   244       1416   
                                                             
    C:\ti\ccs1260\ccs\tools\compiler\ti-cgt-arm_20.2.7.LTS\lib\rtsv7M4_T_le_v4SPD16_eabi.lib
       memcpy_t2.asm.obj             156    0         0      
       memset_t2.asm.obj             122    0         0      
       copy_decompress_lzss.c.obj    104    0         0      
       autoinit.c.obj                68     0         0      
       boot_cortex_m.c.obj           52     0         0      
       copy_zero_init.c.obj          28     0         0      
       copy_decompress_none.c.obj    14     0         0      
       exit.c.obj                    4      0         0      
       pre_init.c.obj                4      0         0      
    +--+-----------------------------+------+---------+---------+
       Total:                        552    0         0      
                                                             
       Stack:                        0      0         1024   
       Linker Generated:             0      76        0      
    +--+-----------------------------+------+---------+---------+
       Grand Total:                  6066   320       2440   


LINKER GENERATED COPY TABLES

__TI_cinit_table @ 000018e8 records: 2, size/record: 8, table size: 16
	.data: load addr=000018a8, load size=00000028 bytes, run addr=20000290, run size=00000038 bytes, compression=lzss
	.bss: load addr=000018e0, load size=00000008 bytes, run addr=20000000, run size=0000028f bytes, compression=zero_init


LINKER GENERATED HANDLER TABLE

__TI_handler_table @ 000018d0 records: 3, size/record: 4, table size: 12
	index: 0, handler: __TI_decompress_lzss
	index: 1, handler: __TI_decompress_none
	index: 2, handler: __TI_zero_init


GLOBAL SYMBOLS: SORTED ALPHABETICALLY BY Name 

address   name                          
-------   ----                          
0000188f  ADC14_IRQHandler              
0000188f  AES256_IRQHandler             
00001361  Bump_Init                     
00001399  Bump_Read                     
0000188f  BusFault_Handler              
00001895  C$$EXIT                       
0000188f  COMP_E0_IRQHandler            
0000188f  COMP_E1_IRQHandler            
200002b4  CPMwait                       
0000188f  CS_IRQHandler                 
200002ac  ClockFrequency                
00001159  Clock_Delay1ms                
0000112f  Clock_Delay1us                
0000111b  Clock_GetFreq                 
00001005  Clock_Init48MHz               
200002c0  Crystalstable                 
0000188f  DMA_ERR_IRQHandler            
0000188f  DMA_INT0_IRQHandler           
0000188f  DMA_INT1_IRQHandler           
0000188f  DMA_INT2_IRQHandler           
0000188f  DMA_INT3_IRQHandler           
0000188f  DebugMon_Handler              
0000188f  Default_Handler               
00001835  DisableInterrupts             
0000188f  EUSCIA0_IRQHandler            
0000188f  EUSCIA1_IRQHandler            
0000188f  EUSCIA2_IRQHandler            
0000188f  EUSCIA3_IRQHandler            
0000188f  EUSCIB0_IRQHandler            
0000188f  EUSCIB1_IRQHandler            
0000188f  EUSCIB2_IRQHandler            
0000188f  EUSCIB3_IRQHandler            
0000183b  EnableInterrupts              
0000184b  EndCritical                   
0000188f  FLCTL_IRQHandler              
0000188f  FPU_IRQHandler                
0000188f  HardFault_Handler             
200002bc  IFlags                        
0000145d  LaunchPad_Init                
000014cd  LaunchPad_Input               
000014eb  LaunchPad_LED                 
00001509  LaunchPad_Output              
0000188f  MemManage_Handler             
0000130d  Motor_Backward                
00001269  Motor_Forward                 
000011e5  Motor_Init                    
000012d3  Motor_Left                    
00001299  Motor_Right                   
0000123b  Motor_Stop                    
0000188f  NMI_Handler                   
0000188f  PCM_IRQHandler                
0000188f  PORT1_IRQHandler              
0000188f  PORT2_IRQHandler              
0000188f  PORT3_IRQHandler              
0000188f  PORT4_IRQHandler              
0000188f  PORT5_IRQHandler              
0000188f  PORT6_IRQHandler              
0000188f  PSS_IRQHandler                
00000ec7  PWM_Duty1                     
00000ee7  PWM_Duty2                     
00000f8b  PWM_Duty3                     
00000fab  PWM_Duty4                     
00000ddd  PWM_Init1                     
00000e43  PWM_Init12                    
00000f07  PWM_Init34                    
0000188f  PendSV_Handler                
200002b8  Postwait                      
200002b0  Prewait                       
0000188f  RTC_C_IRQHandler              
00000be5  Reflectance_Center            
00000c75  Reflectance_Diff              
00000d69  Reflectance_End               
00000b05  Reflectance_Init              
00000bf1  Reflectance_Position          
00000b89  Reflectance_Read              
00000d2f  Reflectance_Start             
00001883  Reset_Handler                 
0000188f  SVC_Handler                   
00001841  StartCritical                 
000002db  SysTick_Handler               
000002db  SysTick_Handler               
000017c1  SysTick_Init                  
200002c4  SystemCoreClock               
000007d1  SystemCoreClockUpdate         
00000a49  SystemInit                    
0000188f  T32_INT1_IRQHandler           
0000188f  T32_INT2_IRQHandler           
0000188f  T32_INTC_IRQHandler           
0000188f  TA0_0_IRQHandler              
0000188f  TA0_N_IRQHandler              
000015c7  TA1_0_IRQHandler              
000015c7  TA1_0_IRQHandler              
0000188f  TA1_N_IRQHandler              
0000188f  TA2_0_IRQHandler              
0000188f  TA2_N_IRQHandler              
0000188f  TA3_0_IRQHandler              
0000188f  TA3_N_IRQHandler              
000003b1  TimedPause                    
20000288  TimerA1Task                   
00001555  TimerA1_Init                  
000015b3  TimerA1_Stop                  
0000188f  UsageFault_Handler            
4000480c  WDTCTL_SYM                    
0000188f  WDT_A_IRQHandler              
00001853  WaitForInterrupt              
20010000  __STACK_END                   
00000200  __STACK_SIZE                  
000018e8  __TI_CINIT_Base               
000018f8  __TI_CINIT_Limit              
000018d0  __TI_Handler_Table_Base       
000018dc  __TI_Handler_Table_Limit      
0000177d  __TI_auto_init_nobinit_nopinit
00001713  __TI_decompress_lzss          
00001875  __TI_decompress_none          
ffffffff  __TI_pprof_out_hndl           
ffffffff  __TI_prof_data_size           
ffffffff  __TI_prof_data_start          
00000000  __TI_static_base__            
00001859  __TI_zero_init_nomemset       
00001699  __aeabi_memclr                
00001699  __aeabi_memclr4               
00001699  __aeabi_memclr8               
000015fd  __aeabi_memcpy                
000015fd  __aeabi_memcpy4               
000015fd  __aeabi_memcpy8               
0000169b  __aeabi_memset                
0000169b  __aeabi_memset4               
0000169b  __aeabi_memset8               
ffffffff  __binit__                     
ffffffff  __c_args__                    
UNDEFED   __mpu_init                    
2000fe00  __stack                       
20000000  __start___llvm_prf_cnts       
20000000  __stop___llvm_prf_cnts        
00001801  _c_int00_noargs               
UNDEFED   _system_post_cinit            
00001891  _system_pre_init              
00001895  abort                         
20000294  backup_speed                  
ffffffff  binit                         
2000028c  bump_data                     
00000319  bump_interrupt                
00001121  delay                         
20000000  fsmTable                      
00000139  goBackwards                   
00000101  goLeft                        
0000011d  goRight                       
000000e5  goStraight                    
0000015d  initializeFSMTable            
00000000  interruptVectors              
000004cd  main                          
000015fd  memcpy                        
000016a1  memset                        
000002a3  processInput                  
2000028d  reflectance_data              
2000028e  reflectance_posn              
20000290  speed                         
00000155  stop                          
20000298  time1                         
2000029c  time2                         
200002a0  time3                         
200002a4  time_backup                   


GLOBAL SYMBOLS: SORTED BY Symbol Address 

address   name                          
-------   ----                          
00000000  __TI_static_base__            
00000000  interruptVectors              
000000e5  goStraight                    
00000101  goLeft                        
0000011d  goRight                       
00000139  goBackwards                   
00000155  stop                          
0000015d  initializeFSMTable            
00000200  __STACK_SIZE                  
000002a3  processInput                  
000002db  SysTick_Handler               
000002db  SysTick_Handler               
00000319  bump_interrupt                
000003b1  TimedPause                    
000004cd  main                          
000007d1  SystemCoreClockUpdate         
00000a49  SystemInit                    
00000b05  Reflectance_Init              
00000b89  Reflectance_Read              
00000be5  Reflectance_Center            
00000bf1  Reflectance_Position          
00000c75  Reflectance_Diff              
00000d2f  Reflectance_Start             
00000d69  Reflectance_End               
00000ddd  PWM_Init1                     
00000e43  PWM_Init12                    
00000ec7  PWM_Duty1                     
00000ee7  PWM_Duty2                     
00000f07  PWM_Init34                    
00000f8b  PWM_Duty3                     
00000fab  PWM_Duty4                     
00001005  Clock_Init48MHz               
0000111b  Clock_GetFreq                 
00001121  delay                         
0000112f  Clock_Delay1us                
00001159  Clock_Delay1ms                
000011e5  Motor_Init                    
0000123b  Motor_Stop                    
00001269  Motor_Forward                 
00001299  Motor_Right                   
000012d3  Motor_Left                    
0000130d  Motor_Backward                
00001361  Bump_Init                     
00001399  Bump_Read                     
0000145d  LaunchPad_Init                
000014cd  LaunchPad_Input               
000014eb  LaunchPad_LED                 
00001509  LaunchPad_Output              
00001555  TimerA1_Init                  
000015b3  TimerA1_Stop                  
000015c7  TA1_0_IRQHandler              
000015c7  TA1_0_IRQHandler              
000015fd  __aeabi_memcpy                
000015fd  __aeabi_memcpy4               
000015fd  __aeabi_memcpy8               
000015fd  memcpy                        
00001699  __aeabi_memclr                
00001699  __aeabi_memclr4               
00001699  __aeabi_memclr8               
0000169b  __aeabi_memset                
0000169b  __aeabi_memset4               
0000169b  __aeabi_memset8               
000016a1  memset                        
00001713  __TI_decompress_lzss          
0000177d  __TI_auto_init_nobinit_nopinit
000017c1  SysTick_Init                  
00001801  _c_int00_noargs               
00001835  DisableInterrupts             
0000183b  EnableInterrupts              
00001841  StartCritical                 
0000184b  EndCritical                   
00001853  WaitForInterrupt              
00001859  __TI_zero_init_nomemset       
00001875  __TI_decompress_none          
00001883  Reset_Handler                 
0000188f  ADC14_IRQHandler              
0000188f  AES256_IRQHandler             
0000188f  BusFault_Handler              
0000188f  COMP_E0_IRQHandler            
0000188f  COMP_E1_IRQHandler            
0000188f  CS_IRQHandler                 
0000188f  DMA_ERR_IRQHandler            
0000188f  DMA_INT0_IRQHandler           
0000188f  DMA_INT1_IRQHandler           
0000188f  DMA_INT2_IRQHandler           
0000188f  DMA_INT3_IRQHandler           
0000188f  DebugMon_Handler              
0000188f  Default_Handler               
0000188f  EUSCIA0_IRQHandler            
0000188f  EUSCIA1_IRQHandler            
0000188f  EUSCIA2_IRQHandler            
0000188f  EUSCIA3_IRQHandler            
0000188f  EUSCIB0_IRQHandler            
0000188f  EUSCIB1_IRQHandler            
0000188f  EUSCIB2_IRQHandler            
0000188f  EUSCIB3_IRQHandler            
0000188f  FLCTL_IRQHandler              
0000188f  FPU_IRQHandler                
0000188f  HardFault_Handler             
0000188f  MemManage_Handler             
0000188f  NMI_Handler                   
0000188f  PCM_IRQHandler                
0000188f  PORT1_IRQHandler              
0000188f  PORT2_IRQHandler              
0000188f  PORT3_IRQHandler              
0000188f  PORT4_IRQHandler              
0000188f  PORT5_IRQHandler              
0000188f  PORT6_IRQHandler              
0000188f  PSS_IRQHandler                
0000188f  PendSV_Handler                
0000188f  RTC_C_IRQHandler              
0000188f  SVC_Handler                   
0000188f  T32_INT1_IRQHandler           
0000188f  T32_INT2_IRQHandler           
0000188f  T32_INTC_IRQHandler           
0000188f  TA0_0_IRQHandler              
0000188f  TA0_N_IRQHandler              
0000188f  TA1_N_IRQHandler              
0000188f  TA2_0_IRQHandler              
0000188f  TA2_N_IRQHandler              
0000188f  TA3_0_IRQHandler              
0000188f  TA3_N_IRQHandler              
0000188f  UsageFault_Handler            
0000188f  WDT_A_IRQHandler              
00001891  _system_pre_init              
00001895  C$$EXIT                       
00001895  abort                         
000018d0  __TI_Handler_Table_Base       
000018dc  __TI_Handler_Table_Limit      
000018e8  __TI_CINIT_Base               
000018f8  __TI_CINIT_Limit              
20000000  __start___llvm_prf_cnts       
20000000  __stop___llvm_prf_cnts        
20000000  fsmTable                      
20000288  TimerA1Task                   
2000028c  bump_data                     
2000028d  reflectance_data              
2000028e  reflectance_posn              
20000290  speed                         
20000294  backup_speed                  
20000298  time1                         
2000029c  time2                         
200002a0  time3                         
200002a4  time_backup                   
200002ac  ClockFrequency                
200002b0  Prewait                       
200002b4  CPMwait                       
200002b8  Postwait                      
200002bc  IFlags                        
200002c0  Crystalstable                 
200002c4  SystemCoreClock               
2000fe00  __stack                       
20010000  __STACK_END                   
4000480c  WDTCTL_SYM                    
ffffffff  __TI_pprof_out_hndl           
ffffffff  __TI_prof_data_size           
ffffffff  __TI_prof_data_start          
ffffffff  __binit__                     
ffffffff  __c_args__                    
ffffffff  binit                         
UNDEFED   __mpu_init                    
UNDEFED   _system_post_cinit            

[162 symbols]
