<?xml version="1.0" encoding="ISO-8859-1" ?>
<link_info>
   <banner>TI ARM Linker PC v20.2.7.LTS</banner>
   <copyright>Copyright (c) 1996-2018 Texas Instruments Incorporated</copyright>
   <link_time>0x65e25212</link_time>
   <link_errors>0x0</link_errors>
   <output_file>LineFollowerRobot.out</output_file>
   <entry_point>
      <name>_c_int00_noargs</name>
      <address>0x1801</address>
   </entry_point>
   <input_file_list>
      <input_file id="fl-2">
         <path>.\</path>
         <kind>object</kind>
         <file>Bump.obj</file>
         <name>Bump.obj</name>
      </input_file>
      <input_file id="fl-3">
         <path>.\</path>
         <kind>object</kind>
         <file>Clock.obj</file>
         <name>Clock.obj</name>
      </input_file>
      <input_file id="fl-4">
         <path>.\</path>
         <kind>object</kind>
         <file>CortexM.obj</file>
         <name>CortexM.obj</name>
      </input_file>
      <input_file id="fl-5">
         <path>.\</path>
         <kind>object</kind>
         <file>LaunchPad.obj</file>
         <name>LaunchPad.obj</name>
      </input_file>
      <input_file id="fl-6">
         <path>.\</path>
         <kind>object</kind>
         <file>Motor.obj</file>
         <name>Motor.obj</name>
      </input_file>
      <input_file id="fl-7">
         <path>.\</path>
         <kind>object</kind>
         <file>PWM.obj</file>
         <name>PWM.obj</name>
      </input_file>
      <input_file id="fl-8">
         <path>.\</path>
         <kind>object</kind>
         <file>Reflectance.obj</file>
         <name>Reflectance.obj</name>
      </input_file>
      <input_file id="fl-9">
         <path>.\</path>
         <kind>object</kind>
         <file>SysTickInts.obj</file>
         <name>SysTickInts.obj</name>
      </input_file>
      <input_file id="fl-a">
         <path>.\</path>
         <kind>object</kind>
         <file>TimerA1.obj</file>
         <name>TimerA1.obj</name>
      </input_file>
      <input_file id="fl-b">
         <path>.\</path>
         <kind>object</kind>
         <file>main.obj</file>
         <name>main.obj</name>
      </input_file>
      <input_file id="fl-c">
         <path>.\</path>
         <kind>object</kind>
         <file>startup_msp432p401r_ccs.obj</file>
         <name>startup_msp432p401r_ccs.obj</name>
      </input_file>
      <input_file id="fl-d">
         <path>.\</path>
         <kind>object</kind>
         <file>system_msp432p401r.obj</file>
         <name>system_msp432p401r.obj</name>
      </input_file>
      <input_file id="fl-11">
         <kind>object</kind>
         <file>&lt;internal&gt;</file>
         <name>&lt;internal&gt;</name>
      </input_file>
      <input_file id="fl-c7">
         <path>C:\ti\ccs1260\ccs\tools\compiler\ti-cgt-arm_20.2.7.LTS\lib\</path>
         <kind>archive</kind>
         <file>rtsv7M4_T_le_v4SPD16_eabi.lib</file>
         <name>memset_t2.asm.obj</name>
      </input_file>
      <input_file id="fl-c8">
         <path>C:\ti\ccs1260\ccs\tools\compiler\ti-cgt-arm_20.2.7.LTS\lib\</path>
         <kind>archive</kind>
         <file>rtsv7M4_T_le_v4SPD16_eabi.lib</file>
         <name>copy_zero_init.c.obj</name>
      </input_file>
      <input_file id="fl-c9">
         <path>C:\ti\ccs1260\ccs\tools\compiler\ti-cgt-arm_20.2.7.LTS\lib\</path>
         <kind>archive</kind>
         <file>rtsv7M4_T_le_v4SPD16_eabi.lib</file>
         <name>copy_decompress_none.c.obj</name>
      </input_file>
      <input_file id="fl-ca">
         <path>C:\ti\ccs1260\ccs\tools\compiler\ti-cgt-arm_20.2.7.LTS\lib\</path>
         <kind>archive</kind>
         <file>rtsv7M4_T_le_v4SPD16_eabi.lib</file>
         <name>copy_decompress_lzss.c.obj</name>
      </input_file>
      <input_file id="fl-cb">
         <path>C:\ti\ccs1260\ccs\tools\compiler\ti-cgt-arm_20.2.7.LTS\lib\</path>
         <kind>archive</kind>
         <file>rtsv7M4_T_le_v4SPD16_eabi.lib</file>
         <name>boot_cortex_m.c.obj</name>
      </input_file>
      <input_file id="fl-cc">
         <path>C:\ti\ccs1260\ccs\tools\compiler\ti-cgt-arm_20.2.7.LTS\lib\</path>
         <kind>archive</kind>
         <file>rtsv7M4_T_le_v4SPD16_eabi.lib</file>
         <name>memcpy_t2.asm.obj</name>
      </input_file>
      <input_file id="fl-cd">
         <path>C:\ti\ccs1260\ccs\tools\compiler\ti-cgt-arm_20.2.7.LTS\lib\</path>
         <kind>archive</kind>
         <file>rtsv7M4_T_le_v4SPD16_eabi.lib</file>
         <name>autoinit.c.obj</name>
      </input_file>
      <input_file id="fl-ce">
         <path>C:\ti\ccs1260\ccs\tools\compiler\ti-cgt-arm_20.2.7.LTS\lib\</path>
         <kind>archive</kind>
         <file>rtsv7M4_T_le_v4SPD16_eabi.lib</file>
         <name>pre_init.c.obj</name>
      </input_file>
      <input_file id="fl-cf">
         <path>C:\ti\ccs1260\ccs\tools\compiler\ti-cgt-arm_20.2.7.LTS\lib\</path>
         <kind>archive</kind>
         <file>rtsv7M4_T_le_v4SPD16_eabi.lib</file>
         <name>cpy_tbl.c.obj</name>
      </input_file>
      <input_file id="fl-d0">
         <path>C:\ti\ccs1260\ccs\tools\compiler\ti-cgt-arm_20.2.7.LTS\lib\</path>
         <kind>archive</kind>
         <file>rtsv7M4_T_le_v4SPD16_eabi.lib</file>
         <name>exit.c.obj</name>
      </input_file>
      <input_file id="fl-d1">
         <path>C:\ti\ccs1260\ccs\tools\compiler\ti-cgt-arm_20.2.7.LTS\lib\</path>
         <kind>archive</kind>
         <file>rtsv7M4_T_le_v4SPD16_eabi.lib</file>
         <name>_lock.c.obj</name>
      </input_file>
      <input_file id="fl-d2">
         <path>C:\ti\ccs1260\ccs\tools\compiler\ti-cgt-arm_20.2.7.LTS\lib\</path>
         <kind>archive</kind>
         <file>rtsv7M4_T_le_v4SPD16_eabi.lib</file>
         <name>args_main.c.obj</name>
      </input_file>
   </input_file_list>
   <object_component_list>
      <object_component id="oc-26">
         <name>.intvecs:retain</name>
         <load_address>0x0</load_address>
         <run_address>0x0</run_address>
         <size>0xe4</size>
         <input_file_ref idref="fl-c"/>
      </object_component>
      <object_component id="oc-6d">
         <name>.text</name>
         <load_address>0xe4</load_address>
         <run_address>0xe4</run_address>
         <size>0x6ec</size>
         <input_file_ref idref="fl-b"/>
      </object_component>
      <object_component id="oc-ab">
         <name>.text</name>
         <load_address>0x7d0</load_address>
         <run_address>0x7d0</run_address>
         <size>0x334</size>
         <input_file_ref idref="fl-d"/>
      </object_component>
      <object_component id="oc-be">
         <name>.text</name>
         <load_address>0xb04</load_address>
         <run_address>0xb04</run_address>
         <size>0x2d8</size>
         <input_file_ref idref="fl-8"/>
      </object_component>
      <object_component id="oc-152">
         <name>.text</name>
         <load_address>0xddc</load_address>
         <run_address>0xddc</run_address>
         <size>0x228</size>
         <input_file_ref idref="fl-7"/>
      </object_component>
      <object_component id="oc-b8">
         <name>.text</name>
         <load_address>0x1004</load_address>
         <run_address>0x1004</run_address>
         <size>0x1e0</size>
         <input_file_ref idref="fl-3"/>
      </object_component>
      <object_component id="oc-b2">
         <name>.text</name>
         <load_address>0x11e4</load_address>
         <run_address>0x11e4</run_address>
         <size>0x17c</size>
         <input_file_ref idref="fl-6"/>
      </object_component>
      <object_component id="oc-c4">
         <name>.text</name>
         <load_address>0x1360</load_address>
         <run_address>0x1360</run_address>
         <size>0xfc</size>
         <input_file_ref idref="fl-2"/>
      </object_component>
      <object_component id="oc-cd">
         <name>.text</name>
         <load_address>0x145c</load_address>
         <run_address>0x145c</run_address>
         <size>0xf8</size>
         <input_file_ref idref="fl-5"/>
      </object_component>
      <object_component id="oc-73">
         <name>.text</name>
         <load_address>0x1554</load_address>
         <run_address>0x1554</run_address>
         <size>0xa8</size>
         <input_file_ref idref="fl-a"/>
      </object_component>
      <object_component id="oc-37">
         <name>.text</name>
         <load_address>0x15fc</load_address>
         <run_address>0x15fc</run_address>
         <size>0x9c</size>
         <input_file_ref idref="fl-cc"/>
      </object_component>
      <object_component id="oc-93">
         <name>.text</name>
         <load_address>0x1698</load_address>
         <run_address>0x1698</run_address>
         <size>0x7a</size>
         <input_file_ref idref="fl-c7"/>
      </object_component>
      <object_component id="oc-17">
         <name>.text:decompress:lzss:__TI_decompress_lzss</name>
         <load_address>0x1712</load_address>
         <run_address>0x1712</run_address>
         <size>0x68</size>
         <input_file_ref idref="fl-ca"/>
      </object_component>
      <object_component id="oc-11c">
         <name>.text:__TI_auto_init_nobinit_nopinit:__TI_auto_init_nobinit_nopinit</name>
         <load_address>0x177c</load_address>
         <run_address>0x177c</run_address>
         <size>0x44</size>
         <input_file_ref idref="fl-cd"/>
      </object_component>
      <object_component id="oc-dd">
         <name>.text</name>
         <load_address>0x17c0</load_address>
         <run_address>0x17c0</run_address>
         <size>0x40</size>
         <input_file_ref idref="fl-9"/>
      </object_component>
      <object_component id="oc-55">
         <name>.text:_c_int00_noargs:_c_int00_noargs</name>
         <load_address>0x1800</load_address>
         <run_address>0x1800</run_address>
         <size>0x34</size>
         <input_file_ref idref="fl-cb"/>
      </object_component>
      <object_component id="oc-d7">
         <name>.text</name>
         <load_address>0x1834</load_address>
         <run_address>0x1834</run_address>
         <size>0x24</size>
         <input_file_ref idref="fl-4"/>
      </object_component>
      <object_component id="oc-43">
         <name>.text:decompress:ZI:__TI_zero_init_nomemset:__TI_zero_init_nomemset</name>
         <load_address>0x1858</load_address>
         <run_address>0x1858</run_address>
         <size>0x1c</size>
         <input_file_ref idref="fl-c8"/>
      </object_component>
      <object_component id="oc-1d">
         <name>.text:decompress:none:__TI_decompress_none</name>
         <load_address>0x1874</load_address>
         <run_address>0x1874</run_address>
         <size>0xe</size>
         <input_file_ref idref="fl-c9"/>
      </object_component>
      <object_component id="oc-67">
         <name>.text</name>
         <load_address>0x1882</load_address>
         <run_address>0x1882</run_address>
         <size>0xe</size>
         <input_file_ref idref="fl-c"/>
      </object_component>
      <object_component id="oc-99">
         <name>.text:_system_pre_init</name>
         <load_address>0x1890</load_address>
         <run_address>0x1890</run_address>
         <size>0x4</size>
         <input_file_ref idref="fl-ce"/>
      </object_component>
      <object_component id="oc-110">
         <name>.text:abort:abort</name>
         <load_address>0x1894</load_address>
         <run_address>0x1894</run_address>
         <size>0x4</size>
         <input_file_ref idref="fl-d0"/>
      </object_component>
      <object_component id="oc-15d">
         <name>.const:.string:$P$T0$1</name>
         <load_address>0x1898</load_address>
         <run_address>0x1898</run_address>
         <size>0x8</size>
         <input_file_ref idref="fl-8"/>
      </object_component>
      <object_component id="oc-160">
         <name>.const:.string:$P$T1$2</name>
         <load_address>0x18a0</load_address>
         <run_address>0x18a0</run_address>
         <size>0x8</size>
         <input_file_ref idref="fl-8"/>
      </object_component>
      <object_component id="oc-212">
         <name>.cinit..data.load</name>
         <load_address>0x18a8</load_address>
         <run_address>0x18a8</run_address>
         <size>0x28</size>
      </object_component>
      <object_component id="oc-210">
         <name>__TI_handler_table</name>
         <load_address>0x18d0</load_address>
         <run_address>0x18d0</run_address>
         <size>0xc</size>
      </object_component>
      <object_component id="oc-213">
         <name>.cinit..bss.load</name>
         <load_address>0x18e0</load_address>
         <run_address>0x18e0</run_address>
         <size>0x8</size>
      </object_component>
      <object_component id="oc-211">
         <name>__TI_cinit_table</name>
         <load_address>0x18e8</load_address>
         <run_address>0x18e8</run_address>
         <size>0x10</size>
      </object_component>
      <object_component id="oc-1e4">
         <name>.binit</name>
         <load_address>0x0</load_address>
         <run_address>0x0</run_address>
         <size>0x0</size>
      </object_component>
      <object_component id="oc-159">
         <name>.data</name>
         <load_address>0x200002ac</load_address>
         <run_address>0x200002ac</run_address>
         <size>0x18</size>
         <input_file_ref idref="fl-3"/>
      </object_component>
      <object_component id="oc-ca">
         <name>.data</name>
         <load_address>0x20000290</load_address>
         <run_address>0x20000290</run_address>
         <size>0x19</size>
         <input_file_ref idref="fl-b"/>
      </object_component>
      <object_component id="oc-14e">
         <name>.data</name>
         <load_address>0x200002c4</load_address>
         <run_address>0x200002c4</run_address>
         <size>0x4</size>
         <input_file_ref idref="fl-d"/>
      </object_component>
      <object_component id="oc-f5">
         <name>.common:TimerA1Task</name>
         <uninitialized>true</uninitialized>
         <run_address>0x20000288</run_address>
         <size>0x4</size>
      </object_component>
      <object_component id="oc-e3">
         <name>.common:reflectance_data</name>
         <uninitialized>true</uninitialized>
         <run_address>0x2000028d</run_address>
         <size>0x1</size>
      </object_component>
      <object_component id="oc-e4">
         <name>.common:reflectance_posn</name>
         <uninitialized>true</uninitialized>
         <run_address>0x2000028e</run_address>
         <size>0x1</size>
      </object_component>
      <object_component id="oc-d6">
         <name>.common:bump_data</name>
         <uninitialized>true</uninitialized>
         <run_address>0x2000028c</run_address>
         <size>0x1</size>
      </object_component>
      <object_component id="oc-d3">
         <name>.common:fsmTable</name>
         <uninitialized>true</uninitialized>
         <run_address>0x20000000</run_address>
         <size>0x288</size>
      </object_component>
      <object_component id="oc-29">
         <name>.stack</name>
         <uninitialized>true</uninitialized>
         <run_address>0x2000fe00</run_address>
         <size>0x4</size>
         <input_file_ref idref="fl-cb"/>
      </object_component>
      <object_component id="oc-215">
         <name>.stack</name>
         <uninitialized>true</uninitialized>
         <run_address>0x2000fe00</run_address>
         <size>0x0</size>
      </object_component>
      <object_component id="oc-166">
         <name>.debug_info</name>
         <load_address>0x0</load_address>
         <run_address>0x0</run_address>
         <size>0x580</size>
         <input_file_ref idref="fl-2"/>
      </object_component>
      <object_component id="oc-c5">
         <name>.debug_info</name>
         <load_address>0x580</load_address>
         <run_address>0x580</run_address>
         <size>0x1ea</size>
         <input_file_ref idref="fl-2"/>
      </object_component>
      <object_component id="oc-16c">
         <name>.debug_info</name>
         <load_address>0x76a</load_address>
         <run_address>0x76a</run_address>
         <size>0x37e2</size>
         <input_file_ref idref="fl-2"/>
      </object_component>
      <object_component id="oc-fb">
         <name>.debug_info</name>
         <load_address>0x3f4c</load_address>
         <run_address>0x3f4c</run_address>
         <size>0x26b</size>
         <input_file_ref idref="fl-2"/>
      </object_component>
      <object_component id="oc-171">
         <name>.debug_info</name>
         <load_address>0x41b7</load_address>
         <run_address>0x41b7</run_address>
         <size>0x1055</size>
         <input_file_ref idref="fl-2"/>
      </object_component>
      <object_component id="oc-32">
         <name>.debug_info</name>
         <load_address>0x520c</load_address>
         <run_address>0x520c</run_address>
         <size>0x84</size>
         <input_file_ref idref="fl-2"/>
      </object_component>
      <object_component id="oc-178">
         <name>.debug_info</name>
         <load_address>0x5290</load_address>
         <run_address>0x5290</run_address>
         <size>0x2a4</size>
         <input_file_ref idref="fl-2"/>
      </object_component>
      <object_component id="oc-f0">
         <name>.debug_info</name>
         <load_address>0x5534</load_address>
         <run_address>0x5534</run_address>
         <size>0xbb</size>
         <input_file_ref idref="fl-2"/>
      </object_component>
      <object_component id="oc-15a">
         <name>.debug_info</name>
         <load_address>0x55ef</load_address>
         <run_address>0x55ef</run_address>
         <size>0x1ba</size>
         <input_file_ref idref="fl-3"/>
      </object_component>
      <object_component id="oc-b9">
         <name>.debug_info</name>
         <load_address>0x57a9</load_address>
         <run_address>0x57a9</run_address>
         <size>0x2de</size>
         <input_file_ref idref="fl-3"/>
      </object_component>
      <object_component id="oc-da">
         <name>.debug_info</name>
         <load_address>0x5a87</load_address>
         <run_address>0x5a87</run_address>
         <size>0x29f</size>
         <input_file_ref idref="fl-4"/>
      </object_component>
      <object_component id="oc-ce">
         <name>.debug_info</name>
         <load_address>0x5d26</load_address>
         <run_address>0x5d26</run_address>
         <size>0x2a4</size>
         <input_file_ref idref="fl-5"/>
      </object_component>
      <object_component id="oc-b4">
         <name>.debug_info</name>
         <load_address>0x5fca</load_address>
         <run_address>0x5fca</run_address>
         <size>0x4fe</size>
         <input_file_ref idref="fl-6"/>
      </object_component>
      <object_component id="oc-156">
         <name>.debug_info</name>
         <load_address>0x64c8</load_address>
         <run_address>0x64c8</run_address>
         <size>0x4a1</size>
         <input_file_ref idref="fl-7"/>
      </object_component>
      <object_component id="oc-164">
         <name>.debug_info</name>
         <load_address>0x6969</load_address>
         <run_address>0x6969</run_address>
         <size>0x5b3</size>
         <input_file_ref idref="fl-8"/>
      </object_component>
      <object_component id="oc-15e">
         <name>.debug_info</name>
         <load_address>0x6f1c</load_address>
         <run_address>0x6f1c</run_address>
         <size>0x10a</size>
         <input_file_ref idref="fl-8"/>
      </object_component>
      <object_component id="oc-161">
         <name>.debug_info</name>
         <load_address>0x7026</load_address>
         <run_address>0x7026</run_address>
         <size>0x10a</size>
         <input_file_ref idref="fl-8"/>
      </object_component>
      <object_component id="oc-bf">
         <name>.debug_info</name>
         <load_address>0x7130</load_address>
         <run_address>0x7130</run_address>
         <size>0x572</size>
         <input_file_ref idref="fl-8"/>
      </object_component>
      <object_component id="oc-1aa">
         <name>.debug_info</name>
         <load_address>0x76a2</load_address>
         <run_address>0x76a2</run_address>
         <size>0x37e2</size>
         <input_file_ref idref="fl-8"/>
      </object_component>
      <object_component id="oc-de">
         <name>.debug_info</name>
         <load_address>0xae84</load_address>
         <run_address>0xae84</run_address>
         <size>0x1ab</size>
         <input_file_ref idref="fl-9"/>
      </object_component>
      <object_component id="oc-f6">
         <name>.debug_info</name>
         <load_address>0xb02f</load_address>
         <run_address>0xb02f</run_address>
         <size>0x58f</size>
         <input_file_ref idref="fl-a"/>
      </object_component>
      <object_component id="oc-75">
         <name>.debug_info</name>
         <load_address>0xb5be</load_address>
         <run_address>0xb5be</run_address>
         <size>0x240</size>
         <input_file_ref idref="fl-a"/>
      </object_component>
      <object_component id="oc-d4">
         <name>.debug_info</name>
         <load_address>0xb7fe</load_address>
         <run_address>0xb7fe</run_address>
         <size>0x9a1</size>
         <input_file_ref idref="fl-b"/>
      </object_component>
      <object_component id="oc-cb">
         <name>.debug_info</name>
         <load_address>0xc19f</load_address>
         <run_address>0xc19f</run_address>
         <size>0x1a1</size>
         <input_file_ref idref="fl-b"/>
      </object_component>
      <object_component id="oc-6e">
         <name>.debug_info</name>
         <load_address>0xc340</load_address>
         <run_address>0xc340</run_address>
         <size>0xc08</size>
         <input_file_ref idref="fl-b"/>
      </object_component>
      <object_component id="oc-eb">
         <name>.debug_info</name>
         <load_address>0xcf48</load_address>
         <run_address>0xcf48</run_address>
         <size>0x140</size>
         <input_file_ref idref="fl-b"/>
      </object_component>
      <object_component id="oc-e6">
         <name>.debug_info</name>
         <load_address>0xd088</load_address>
         <run_address>0xd088</run_address>
         <size>0x8b</size>
         <input_file_ref idref="fl-b"/>
      </object_component>
      <object_component id="oc-7b">
         <name>.debug_info</name>
         <load_address>0xd113</load_address>
         <run_address>0xd113</run_address>
         <size>0x2fd</size>
         <input_file_ref idref="fl-c"/>
      </object_component>
      <object_component id="oc-27">
         <name>.debug_info</name>
         <load_address>0xd410</load_address>
         <run_address>0xd410</run_address>
         <size>0x129</size>
         <input_file_ref idref="fl-c"/>
      </object_component>
      <object_component id="oc-6a">
         <name>.debug_info</name>
         <load_address>0xd539</load_address>
         <run_address>0xd539</run_address>
         <size>0x1f0</size>
         <input_file_ref idref="fl-c"/>
      </object_component>
      <object_component id="oc-14f">
         <name>.debug_info</name>
         <load_address>0xd729</load_address>
         <run_address>0xd729</run_address>
         <size>0x122</size>
         <input_file_ref idref="fl-d"/>
      </object_component>
      <object_component id="oc-ae">
         <name>.debug_info</name>
         <load_address>0xd84b</load_address>
         <run_address>0xd84b</run_address>
         <size>0x294</size>
         <input_file_ref idref="fl-d"/>
      </object_component>
      <object_component id="oc-96">
         <name>.debug_info</name>
         <load_address>0xdadf</load_address>
         <run_address>0xdadf</run_address>
         <size>0x147</size>
         <input_file_ref idref="fl-c7"/>
      </object_component>
      <object_component id="oc-92">
         <name>.debug_info</name>
         <load_address>0xdc26</load_address>
         <run_address>0xdc26</run_address>
         <size>0x2d4</size>
         <input_file_ref idref="fl-c8"/>
      </object_component>
      <object_component id="oc-44">
         <name>.debug_info</name>
         <load_address>0xdefa</load_address>
         <run_address>0xdefa</run_address>
         <size>0x1d2</size>
         <input_file_ref idref="fl-c8"/>
      </object_component>
      <object_component id="oc-8d">
         <name>.debug_info</name>
         <load_address>0xe0cc</load_address>
         <run_address>0xe0cc</run_address>
         <size>0x46</size>
         <input_file_ref idref="fl-c8"/>
      </object_component>
      <object_component id="oc-107">
         <name>.debug_info</name>
         <load_address>0xe112</load_address>
         <run_address>0xe112</run_address>
         <size>0x2c</size>
         <input_file_ref idref="fl-c8"/>
      </object_component>
      <object_component id="oc-42">
         <name>.debug_info</name>
         <load_address>0xe13e</load_address>
         <run_address>0xe13e</run_address>
         <size>0x2a8</size>
         <input_file_ref idref="fl-c9"/>
      </object_component>
      <object_component id="oc-20">
         <name>.debug_info</name>
         <load_address>0xe3e6</load_address>
         <run_address>0xe3e6</run_address>
         <size>0x1ea</size>
         <input_file_ref idref="fl-c9"/>
      </object_component>
      <object_component id="oc-3d">
         <name>.debug_info</name>
         <load_address>0xe5d0</load_address>
         <run_address>0xe5d0</run_address>
         <size>0x46</size>
         <input_file_ref idref="fl-c9"/>
      </object_component>
      <object_component id="oc-85">
         <name>.debug_info</name>
         <load_address>0xe616</load_address>
         <run_address>0xe616</run_address>
         <size>0x2c</size>
         <input_file_ref idref="fl-c9"/>
      </object_component>
      <object_component id="oc-83">
         <name>.debug_info</name>
         <load_address>0xe642</load_address>
         <run_address>0xe642</run_address>
         <size>0x29e</size>
         <input_file_ref idref="fl-ca"/>
      </object_component>
      <object_component id="oc-19">
         <name>.debug_info</name>
         <load_address>0xe8e0</load_address>
         <run_address>0xe8e0</run_address>
         <size>0x250</size>
         <input_file_ref idref="fl-ca"/>
      </object_component>
      <object_component id="oc-2d">
         <name>.debug_info</name>
         <load_address>0xeb30</load_address>
         <run_address>0xeb30</run_address>
         <size>0x60</size>
         <input_file_ref idref="fl-ca"/>
      </object_component>
      <object_component id="oc-100">
         <name>.debug_info</name>
         <load_address>0xeb90</load_address>
         <run_address>0xeb90</run_address>
         <size>0x46</size>
         <input_file_ref idref="fl-ca"/>
      </object_component>
      <object_component id="oc-7e">
         <name>.debug_info</name>
         <load_address>0xebd6</load_address>
         <run_address>0xebd6</run_address>
         <size>0x39</size>
         <input_file_ref idref="fl-ca"/>
      </object_component>
      <object_component id="oc-2a">
         <name>.debug_info</name>
         <load_address>0xec0f</load_address>
         <run_address>0xec0f</run_address>
         <size>0x10b</size>
         <input_file_ref idref="fl-cb"/>
      </object_component>
      <object_component id="oc-56">
         <name>.debug_info</name>
         <load_address>0xed1a</load_address>
         <run_address>0xed1a</run_address>
         <size>0x1a9</size>
         <input_file_ref idref="fl-cb"/>
      </object_component>
      <object_component id="oc-39">
         <name>.debug_info</name>
         <load_address>0xeec3</load_address>
         <run_address>0xeec3</run_address>
         <size>0x119</size>
         <input_file_ref idref="fl-cc"/>
      </object_component>
      <object_component id="oc-18a">
         <name>.debug_info</name>
         <load_address>0xefdc</load_address>
         <run_address>0xefdc</run_address>
         <size>0x4b3</size>
         <input_file_ref idref="fl-cd"/>
      </object_component>
      <object_component id="oc-11f">
         <name>.debug_info</name>
         <load_address>0xf48f</load_address>
         <run_address>0xf48f</run_address>
         <size>0x1a6</size>
         <input_file_ref idref="fl-cd"/>
      </object_component>
      <object_component id="oc-1c1">
         <name>.debug_info</name>
         <load_address>0xf635</load_address>
         <run_address>0xf635</run_address>
         <size>0x39</size>
         <input_file_ref idref="fl-cd"/>
      </object_component>
      <object_component id="oc-1d5">
         <name>.debug_info</name>
         <load_address>0xf66e</load_address>
         <run_address>0xf66e</run_address>
         <size>0x39</size>
         <input_file_ref idref="fl-cd"/>
      </object_component>
      <object_component id="oc-1c6">
         <name>.debug_info</name>
         <load_address>0xf6a7</load_address>
         <run_address>0xf6a7</run_address>
         <size>0x39</size>
         <input_file_ref idref="fl-cd"/>
      </object_component>
      <object_component id="oc-1cb">
         <name>.debug_info</name>
         <load_address>0xf6e0</load_address>
         <run_address>0xf6e0</run_address>
         <size>0xcd</size>
         <input_file_ref idref="fl-cd"/>
      </object_component>
      <object_component id="oc-9c">
         <name>.debug_info</name>
         <load_address>0xf7ad</load_address>
         <run_address>0xf7ad</run_address>
         <size>0x153</size>
         <input_file_ref idref="fl-ce"/>
      </object_component>
      <object_component id="oc-113">
         <name>.debug_info</name>
         <load_address>0xf900</load_address>
         <run_address>0xf900</run_address>
         <size>0x122</size>
         <input_file_ref idref="fl-d0"/>
      </object_component>
      <object_component id="oc-216">
         <name>.debug_info</name>
         <load_address>0xfa22</load_address>
         <run_address>0xfa22</run_address>
         <size>0xd5</size>
      </object_component>
      <object_component id="oc-1b0">
         <name>.debug_line</name>
         <load_address>0x0</load_address>
         <run_address>0x0</run_address>
         <size>0x20</size>
         <input_file_ref idref="fl-2"/>
      </object_component>
      <object_component id="oc-c9">
         <name>.debug_line</name>
         <load_address>0x20</load_address>
         <run_address>0x20</run_address>
         <size>0x8b</size>
         <input_file_ref idref="fl-2"/>
      </object_component>
      <object_component id="oc-16f">
         <name>.debug_line</name>
         <load_address>0xab</load_address>
         <run_address>0xab</run_address>
         <size>0x58</size>
         <input_file_ref idref="fl-2"/>
      </object_component>
      <object_component id="oc-fe">
         <name>.debug_line</name>
         <load_address>0x103</load_address>
         <run_address>0x103</run_address>
         <size>0x6f</size>
         <input_file_ref idref="fl-2"/>
      </object_component>
      <object_component id="oc-174">
         <name>.debug_line</name>
         <load_address>0x172</load_address>
         <run_address>0x172</run_address>
         <size>0x5b</size>
         <input_file_ref idref="fl-2"/>
      </object_component>
      <object_component id="oc-35">
         <name>.debug_line</name>
         <load_address>0x1cd</load_address>
         <run_address>0x1cd</run_address>
         <size>0x20</size>
         <input_file_ref idref="fl-2"/>
      </object_component>
      <object_component id="oc-17b">
         <name>.debug_line</name>
         <load_address>0x1ed</load_address>
         <run_address>0x1ed</run_address>
         <size>0x73</size>
         <input_file_ref idref="fl-2"/>
      </object_component>
      <object_component id="oc-f3">
         <name>.debug_line</name>
         <load_address>0x260</load_address>
         <run_address>0x260</run_address>
         <size>0x70</size>
         <input_file_ref idref="fl-2"/>
      </object_component>
      <object_component id="oc-1a3">
         <name>.debug_line</name>
         <load_address>0x2d0</load_address>
         <run_address>0x2d0</run_address>
         <size>0x2e</size>
         <input_file_ref idref="fl-3"/>
      </object_component>
      <object_component id="oc-bd">
         <name>.debug_line</name>
         <load_address>0x2fe</load_address>
         <run_address>0x2fe</run_address>
         <size>0xfb</size>
         <input_file_ref idref="fl-3"/>
      </object_component>
      <object_component id="oc-dc">
         <name>.debug_line</name>
         <load_address>0x3f9</load_address>
         <run_address>0x3f9</run_address>
         <size>0xaf</size>
         <input_file_ref idref="fl-4"/>
      </object_component>
      <object_component id="oc-d2">
         <name>.debug_line</name>
         <load_address>0x4a8</load_address>
         <run_address>0x4a8</run_address>
         <size>0xa4</size>
         <input_file_ref idref="fl-5"/>
      </object_component>
      <object_component id="oc-b7">
         <name>.debug_line</name>
         <load_address>0x54c</load_address>
         <run_address>0x54c</run_address>
         <size>0xe9</size>
         <input_file_ref idref="fl-6"/>
      </object_component>
      <object_component id="oc-153">
         <name>.debug_line</name>
         <load_address>0x635</load_address>
         <run_address>0x635</run_address>
         <size>0x137</size>
         <input_file_ref idref="fl-7"/>
      </object_component>
      <object_component id="oc-1a9">
         <name>.debug_line</name>
         <load_address>0x76c</load_address>
         <run_address>0x76c</run_address>
         <size>0x2e</size>
         <input_file_ref idref="fl-8"/>
      </object_component>
      <object_component id="oc-1a5">
         <name>.debug_line</name>
         <load_address>0x79a</load_address>
         <run_address>0x79a</run_address>
         <size>0x34</size>
         <input_file_ref idref="fl-8"/>
      </object_component>
      <object_component id="oc-1a7">
         <name>.debug_line</name>
         <load_address>0x7ce</load_address>
         <run_address>0x7ce</run_address>
         <size>0x34</size>
         <input_file_ref idref="fl-8"/>
      </object_component>
      <object_component id="oc-c2">
         <name>.debug_line</name>
         <load_address>0x802</load_address>
         <run_address>0x802</run_address>
         <size>0x157</size>
         <input_file_ref idref="fl-8"/>
      </object_component>
      <object_component id="oc-1ad">
         <name>.debug_line</name>
         <load_address>0x959</load_address>
         <run_address>0x959</run_address>
         <size>0x58</size>
         <input_file_ref idref="fl-8"/>
      </object_component>
      <object_component id="oc-e2">
         <name>.debug_line</name>
         <load_address>0x9b1</load_address>
         <run_address>0x9b1</run_address>
         <size>0x4f</size>
         <input_file_ref idref="fl-9"/>
      </object_component>
      <object_component id="oc-17e">
         <name>.debug_line</name>
         <load_address>0xa00</load_address>
         <run_address>0xa00</run_address>
         <size>0x30</size>
         <input_file_ref idref="fl-a"/>
      </object_component>
      <object_component id="oc-78">
         <name>.debug_line</name>
         <load_address>0xa30</load_address>
         <run_address>0xa30</run_address>
         <size>0x87</size>
         <input_file_ref idref="fl-a"/>
      </object_component>
      <object_component id="oc-16b">
         <name>.debug_line</name>
         <load_address>0xab7</load_address>
         <run_address>0xab7</run_address>
         <size>0xb0</size>
         <input_file_ref idref="fl-b"/>
      </object_component>
      <object_component id="oc-168">
         <name>.debug_line</name>
         <load_address>0xb67</load_address>
         <run_address>0xb67</run_address>
         <size>0x2d</size>
         <input_file_ref idref="fl-b"/>
      </object_component>
      <object_component id="oc-72">
         <name>.debug_line</name>
         <load_address>0xb94</load_address>
         <run_address>0xb94</run_address>
         <size>0x2b3</size>
         <input_file_ref idref="fl-b"/>
      </object_component>
      <object_component id="oc-ee">
         <name>.debug_line</name>
         <load_address>0xe47</load_address>
         <run_address>0xe47</run_address>
         <size>0x2d</size>
         <input_file_ref idref="fl-b"/>
      </object_component>
      <object_component id="oc-e9">
         <name>.debug_line</name>
         <load_address>0xe74</load_address>
         <run_address>0xe74</run_address>
         <size>0x20</size>
         <input_file_ref idref="fl-b"/>
      </object_component>
      <object_component id="oc-fa">
         <name>.debug_line</name>
         <load_address>0xe94</load_address>
         <run_address>0xe94</run_address>
         <size>0x40</size>
         <input_file_ref idref="fl-c"/>
      </object_component>
      <object_component id="oc-7a">
         <name>.debug_line</name>
         <load_address>0xed4</load_address>
         <run_address>0xed4</run_address>
         <size>0x40</size>
         <input_file_ref idref="fl-c"/>
      </object_component>
      <object_component id="oc-6c">
         <name>.debug_line</name>
         <load_address>0xf14</load_address>
         <run_address>0xf14</run_address>
         <size>0x71</size>
         <input_file_ref idref="fl-c"/>
      </object_component>
      <object_component id="oc-1a0">
         <name>.debug_line</name>
         <load_address>0xf85</load_address>
         <run_address>0xf85</run_address>
         <size>0x3b</size>
         <input_file_ref idref="fl-d"/>
      </object_component>
      <object_component id="oc-ad">
         <name>.debug_line</name>
         <load_address>0xfc0</load_address>
         <run_address>0xfc0</run_address>
         <size>0x134</size>
         <input_file_ref idref="fl-d"/>
      </object_component>
      <object_component id="oc-94">
         <name>.debug_line</name>
         <load_address>0x10f4</load_address>
         <run_address>0x10f4</run_address>
         <size>0x79</size>
         <input_file_ref idref="fl-c7"/>
      </object_component>
      <object_component id="oc-10d">
         <name>.debug_line</name>
         <load_address>0x116d</load_address>
         <run_address>0x116d</run_address>
         <size>0x92</size>
         <input_file_ref idref="fl-c8"/>
      </object_component>
      <object_component id="oc-47">
         <name>.debug_line</name>
         <load_address>0x11ff</load_address>
         <run_address>0x11ff</run_address>
         <size>0x4c</size>
         <input_file_ref idref="fl-c8"/>
      </object_component>
      <object_component id="oc-90">
         <name>.debug_line</name>
         <load_address>0x124b</load_address>
         <run_address>0x124b</run_address>
         <size>0x34</size>
         <input_file_ref idref="fl-c8"/>
      </object_component>
      <object_component id="oc-10a">
         <name>.debug_line</name>
         <load_address>0x127f</load_address>
         <run_address>0x127f</run_address>
         <size>0x92</size>
         <input_file_ref idref="fl-c8"/>
      </object_component>
      <object_component id="oc-8b">
         <name>.debug_line</name>
         <load_address>0x1311</load_address>
         <run_address>0x1311</run_address>
         <size>0x20</size>
         <input_file_ref idref="fl-c9"/>
      </object_component>
      <object_component id="oc-1f">
         <name>.debug_line</name>
         <load_address>0x1331</load_address>
         <run_address>0x1331</run_address>
         <size>0x55</size>
         <input_file_ref idref="fl-c9"/>
      </object_component>
      <object_component id="oc-40">
         <name>.debug_line</name>
         <load_address>0x1386</load_address>
         <run_address>0x1386</run_address>
         <size>0x3a</size>
         <input_file_ref idref="fl-c9"/>
      </object_component>
      <object_component id="oc-88">
         <name>.debug_line</name>
         <load_address>0x13c0</load_address>
         <run_address>0x13c0</run_address>
         <size>0x92</size>
         <input_file_ref idref="fl-c9"/>
      </object_component>
      <object_component id="oc-106">
         <name>.debug_line</name>
         <load_address>0x1452</load_address>
         <run_address>0x1452</run_address>
         <size>0x20</size>
         <input_file_ref idref="fl-ca"/>
      </object_component>
      <object_component id="oc-1c">
         <name>.debug_line</name>
         <load_address>0x1472</load_address>
         <run_address>0x1472</run_address>
         <size>0xa9</size>
         <input_file_ref idref="fl-ca"/>
      </object_component>
      <object_component id="oc-30">
         <name>.debug_line</name>
         <load_address>0x151b</load_address>
         <run_address>0x151b</run_address>
         <size>0x3a</size>
         <input_file_ref idref="fl-ca"/>
      </object_component>
      <object_component id="oc-103">
         <name>.debug_line</name>
         <load_address>0x1555</load_address>
         <run_address>0x1555</run_address>
         <size>0x9a</size>
         <input_file_ref idref="fl-ca"/>
      </object_component>
      <object_component id="oc-81">
         <name>.debug_line</name>
         <load_address>0x15ef</load_address>
         <run_address>0x15ef</run_address>
         <size>0x96</size>
         <input_file_ref idref="fl-ca"/>
      </object_component>
      <object_component id="oc-7d">
         <name>.debug_line</name>
         <load_address>0x1685</load_address>
         <run_address>0x1685</run_address>
         <size>0x33</size>
         <input_file_ref idref="fl-cb"/>
      </object_component>
      <object_component id="oc-5a">
         <name>.debug_line</name>
         <load_address>0x16b8</load_address>
         <run_address>0x16b8</run_address>
         <size>0x45</size>
         <input_file_ref idref="fl-cb"/>
      </object_component>
      <object_component id="oc-38">
         <name>.debug_line</name>
         <load_address>0x16fd</load_address>
         <run_address>0x16fd</run_address>
         <size>0x88</size>
         <input_file_ref idref="fl-cc"/>
      </object_component>
      <object_component id="oc-1c0">
         <name>.debug_line</name>
         <load_address>0x1785</load_address>
         <run_address>0x1785</run_address>
         <size>0xbf</size>
         <input_file_ref idref="fl-cd"/>
      </object_component>
      <object_component id="oc-11e">
         <name>.debug_line</name>
         <load_address>0x1844</load_address>
         <run_address>0x1844</run_address>
         <size>0x6f</size>
         <input_file_ref idref="fl-cd"/>
      </object_component>
      <object_component id="oc-1c4">
         <name>.debug_line</name>
         <load_address>0x18b3</load_address>
         <run_address>0x18b3</run_address>
         <size>0x2e</size>
         <input_file_ref idref="fl-cd"/>
      </object_component>
      <object_component id="oc-1d8">
         <name>.debug_line</name>
         <load_address>0x18e1</load_address>
         <run_address>0x18e1</run_address>
         <size>0x9a</size>
         <input_file_ref idref="fl-cd"/>
      </object_component>
      <object_component id="oc-1c9">
         <name>.debug_line</name>
         <load_address>0x197b</load_address>
         <run_address>0x197b</run_address>
         <size>0x97</size>
         <input_file_ref idref="fl-cd"/>
      </object_component>
      <object_component id="oc-1ce">
         <name>.debug_line</name>
         <load_address>0x1a12</load_address>
         <run_address>0x1a12</run_address>
         <size>0x93</size>
         <input_file_ref idref="fl-cd"/>
      </object_component>
      <object_component id="oc-9a">
         <name>.debug_line</name>
         <load_address>0x1aa5</load_address>
         <run_address>0x1aa5</run_address>
         <size>0x40</size>
         <input_file_ref idref="fl-ce"/>
      </object_component>
      <object_component id="oc-115">
         <name>.debug_line</name>
         <load_address>0x1ae5</load_address>
         <run_address>0x1ae5</run_address>
         <size>0x3c</size>
         <input_file_ref idref="fl-d0"/>
      </object_component>
      <object_component id="oc-c8">
         <name>.debug_frame</name>
         <load_address>0x0</load_address>
         <run_address>0x0</run_address>
         <size>0x74</size>
         <input_file_ref idref="fl-2"/>
      </object_component>
      <object_component id="oc-bc">
         <name>.debug_frame</name>
         <load_address>0x74</load_address>
         <run_address>0x74</run_address>
         <size>0xb0</size>
         <input_file_ref idref="fl-3"/>
      </object_component>
      <object_component id="oc-d8">
         <name>.debug_frame</name>
         <load_address>0x124</load_address>
         <run_address>0x124</run_address>
         <size>0xa4</size>
         <input_file_ref idref="fl-4"/>
      </object_component>
      <object_component id="oc-d1">
         <name>.debug_frame</name>
         <load_address>0x1c8</load_address>
         <run_address>0x1c8</run_address>
         <size>0x98</size>
         <input_file_ref idref="fl-5"/>
      </object_component>
      <object_component id="oc-b3">
         <name>.debug_frame</name>
         <load_address>0x260</load_address>
         <run_address>0x260</run_address>
         <size>0xd0</size>
         <input_file_ref idref="fl-6"/>
      </object_component>
      <object_component id="oc-155">
         <name>.debug_frame</name>
         <load_address>0x330</load_address>
         <run_address>0x330</run_address>
         <size>0xe8</size>
         <input_file_ref idref="fl-7"/>
      </object_component>
      <object_component id="oc-c3">
         <name>.debug_frame</name>
         <load_address>0x418</load_address>
         <run_address>0x418</run_address>
         <size>0xe8</size>
         <input_file_ref idref="fl-8"/>
      </object_component>
      <object_component id="oc-e1">
         <name>.debug_frame</name>
         <load_address>0x500</load_address>
         <run_address>0x500</run_address>
         <size>0x58</size>
         <input_file_ref idref="fl-9"/>
      </object_component>
      <object_component id="oc-74">
         <name>.debug_frame</name>
         <load_address>0x558</load_address>
         <run_address>0x558</run_address>
         <size>0x84</size>
         <input_file_ref idref="fl-a"/>
      </object_component>
      <object_component id="oc-71">
         <name>.debug_frame</name>
         <load_address>0x5dc</load_address>
         <run_address>0x5dc</run_address>
         <size>0x154</size>
         <input_file_ref idref="fl-b"/>
      </object_component>
      <object_component id="oc-68">
         <name>.debug_frame</name>
         <load_address>0x730</load_address>
         <run_address>0x730</run_address>
         <size>0x6c</size>
         <input_file_ref idref="fl-c"/>
      </object_component>
      <object_component id="oc-ac">
         <name>.debug_frame</name>
         <load_address>0x79c</load_address>
         <run_address>0x79c</run_address>
         <size>0x70</size>
         <input_file_ref idref="fl-d"/>
      </object_component>
      <object_component id="oc-48">
         <name>.debug_frame</name>
         <load_address>0x80c</load_address>
         <run_address>0x80c</run_address>
         <size>0x54</size>
         <input_file_ref idref="fl-c8"/>
      </object_component>
      <object_component id="oc-22">
         <name>.debug_frame</name>
         <load_address>0x860</load_address>
         <run_address>0x860</run_address>
         <size>0x54</size>
         <input_file_ref idref="fl-c9"/>
      </object_component>
      <object_component id="oc-18">
         <name>.debug_frame</name>
         <load_address>0x8b4</load_address>
         <run_address>0x8b4</run_address>
         <size>0x60</size>
         <input_file_ref idref="fl-ca"/>
      </object_component>
      <object_component id="oc-59">
         <name>.debug_frame</name>
         <load_address>0x914</load_address>
         <run_address>0x914</run_address>
         <size>0x50</size>
         <input_file_ref idref="fl-cb"/>
      </object_component>
      <object_component id="oc-11d">
         <name>.debug_frame</name>
         <load_address>0x964</load_address>
         <run_address>0x964</run_address>
         <size>0x5c</size>
         <input_file_ref idref="fl-cd"/>
      </object_component>
      <object_component id="oc-9e">
         <name>.debug_frame</name>
         <load_address>0x9c0</load_address>
         <run_address>0x9c0</run_address>
         <size>0x54</size>
         <input_file_ref idref="fl-ce"/>
      </object_component>
      <object_component id="oc-112">
         <name>.debug_frame</name>
         <load_address>0xa14</load_address>
         <run_address>0xa14</run_address>
         <size>0x54</size>
         <input_file_ref idref="fl-d0"/>
      </object_component>
      <object_component id="oc-1af">
         <name>.debug_abbrev</name>
         <load_address>0x0</load_address>
         <run_address>0x0</run_address>
         <size>0x81</size>
         <input_file_ref idref="fl-2"/>
      </object_component>
      <object_component id="oc-165">
         <name>.debug_abbrev</name>
         <load_address>0x81</load_address>
         <run_address>0x81</run_address>
         <size>0x9b</size>
         <input_file_ref idref="fl-2"/>
      </object_component>
      <object_component id="oc-16e">
         <name>.debug_abbrev</name>
         <load_address>0x11c</load_address>
         <run_address>0x11c</run_address>
         <size>0xbd</size>
         <input_file_ref idref="fl-2"/>
      </object_component>
      <object_component id="oc-fd">
         <name>.debug_abbrev</name>
         <load_address>0x1d9</load_address>
         <run_address>0x1d9</run_address>
         <size>0x69</size>
         <input_file_ref idref="fl-2"/>
      </object_component>
      <object_component id="oc-173">
         <name>.debug_abbrev</name>
         <load_address>0x242</load_address>
         <run_address>0x242</run_address>
         <size>0x97</size>
         <input_file_ref idref="fl-2"/>
      </object_component>
      <object_component id="oc-34">
         <name>.debug_abbrev</name>
         <load_address>0x2d9</load_address>
         <run_address>0x2d9</run_address>
         <size>0x1f</size>
         <input_file_ref idref="fl-2"/>
      </object_component>
      <object_component id="oc-17a">
         <name>.debug_abbrev</name>
         <load_address>0x2f8</load_address>
         <run_address>0x2f8</run_address>
         <size>0x5c</size>
         <input_file_ref idref="fl-2"/>
      </object_component>
      <object_component id="oc-f2">
         <name>.debug_abbrev</name>
         <load_address>0x354</load_address>
         <run_address>0x354</run_address>
         <size>0x24</size>
         <input_file_ref idref="fl-2"/>
      </object_component>
      <object_component id="oc-1a2">
         <name>.debug_abbrev</name>
         <load_address>0x378</load_address>
         <run_address>0x378</run_address>
         <size>0x29</size>
         <input_file_ref idref="fl-3"/>
      </object_component>
      <object_component id="oc-15c">
         <name>.debug_abbrev</name>
         <load_address>0x3a1</load_address>
         <run_address>0x3a1</run_address>
         <size>0xa9</size>
         <input_file_ref idref="fl-3"/>
      </object_component>
      <object_component id="oc-176">
         <name>.debug_abbrev</name>
         <load_address>0x44a</load_address>
         <run_address>0x44a</run_address>
         <size>0x50</size>
         <input_file_ref idref="fl-4"/>
      </object_component>
      <object_component id="oc-169">
         <name>.debug_abbrev</name>
         <load_address>0x49a</load_address>
         <run_address>0x49a</run_address>
         <size>0x9b</size>
         <input_file_ref idref="fl-5"/>
      </object_component>
      <object_component id="oc-158">
         <name>.debug_abbrev</name>
         <load_address>0x535</load_address>
         <run_address>0x535</run_address>
         <size>0x7a</size>
         <input_file_ref idref="fl-6"/>
      </object_component>
      <object_component id="oc-1a1">
         <name>.debug_abbrev</name>
         <load_address>0x5af</load_address>
         <run_address>0x5af</run_address>
         <size>0x6c</size>
         <input_file_ref idref="fl-7"/>
      </object_component>
      <object_component id="oc-1a8">
         <name>.debug_abbrev</name>
         <load_address>0x61b</load_address>
         <run_address>0x61b</run_address>
         <size>0x8e</size>
         <input_file_ref idref="fl-8"/>
      </object_component>
      <object_component id="oc-1a4">
         <name>.debug_abbrev</name>
         <load_address>0x6a9</load_address>
         <run_address>0x6a9</run_address>
         <size>0x27</size>
         <input_file_ref idref="fl-8"/>
      </object_component>
      <object_component id="oc-1a6">
         <name>.debug_abbrev</name>
         <load_address>0x6d0</load_address>
         <run_address>0x6d0</run_address>
         <size>0x27</size>
         <input_file_ref idref="fl-8"/>
      </object_component>
      <object_component id="oc-163">
         <name>.debug_abbrev</name>
         <load_address>0x6f7</load_address>
         <run_address>0x6f7</run_address>
         <size>0xa9</size>
         <input_file_ref idref="fl-8"/>
      </object_component>
      <object_component id="oc-1ac">
         <name>.debug_abbrev</name>
         <load_address>0x7a0</load_address>
         <run_address>0x7a0</run_address>
         <size>0xbd</size>
         <input_file_ref idref="fl-8"/>
      </object_component>
      <object_component id="oc-177">
         <name>.debug_abbrev</name>
         <load_address>0x85d</load_address>
         <run_address>0x85d</run_address>
         <size>0x6c</size>
         <input_file_ref idref="fl-9"/>
      </object_component>
      <object_component id="oc-17d">
         <name>.debug_abbrev</name>
         <load_address>0x8c9</load_address>
         <run_address>0x8c9</run_address>
         <size>0x97</size>
         <input_file_ref idref="fl-a"/>
      </object_component>
      <object_component id="oc-f8">
         <name>.debug_abbrev</name>
         <load_address>0x960</load_address>
         <run_address>0x960</run_address>
         <size>0x7b</size>
         <input_file_ref idref="fl-a"/>
      </object_component>
      <object_component id="oc-16a">
         <name>.debug_abbrev</name>
         <load_address>0x9db</load_address>
         <run_address>0x9db</run_address>
         <size>0xfd</size>
         <input_file_ref idref="fl-b"/>
      </object_component>
      <object_component id="oc-167">
         <name>.debug_abbrev</name>
         <load_address>0xad8</load_address>
         <run_address>0xad8</run_address>
         <size>0x29</size>
         <input_file_ref idref="fl-b"/>
      </object_component>
      <object_component id="oc-e5">
         <name>.debug_abbrev</name>
         <load_address>0xb01</load_address>
         <run_address>0xb01</run_address>
         <size>0xc1</size>
         <input_file_ref idref="fl-b"/>
      </object_component>
      <object_component id="oc-ed">
         <name>.debug_abbrev</name>
         <load_address>0xbc2</load_address>
         <run_address>0xbc2</run_address>
         <size>0x7d</size>
         <input_file_ref idref="fl-b"/>
      </object_component>
      <object_component id="oc-e8">
         <name>.debug_abbrev</name>
         <load_address>0xc3f</load_address>
         <run_address>0xc3f</run_address>
         <size>0x1f</size>
         <input_file_ref idref="fl-b"/>
      </object_component>
      <object_component id="oc-f9">
         <name>.debug_abbrev</name>
         <load_address>0xc5e</load_address>
         <run_address>0xc5e</run_address>
         <size>0x7c</size>
         <input_file_ref idref="fl-c"/>
      </object_component>
      <object_component id="oc-79">
         <name>.debug_abbrev</name>
         <load_address>0xcda</load_address>
         <run_address>0xcda</run_address>
         <size>0x29</size>
         <input_file_ref idref="fl-c"/>
      </object_component>
      <object_component id="oc-b1">
         <name>.debug_abbrev</name>
         <load_address>0xd03</load_address>
         <run_address>0xd03</run_address>
         <size>0x89</size>
         <input_file_ref idref="fl-c"/>
      </object_component>
      <object_component id="oc-19f">
         <name>.debug_abbrev</name>
         <load_address>0xd8c</load_address>
         <run_address>0xd8c</run_address>
         <size>0x29</size>
         <input_file_ref idref="fl-d"/>
      </object_component>
      <object_component id="oc-151">
         <name>.debug_abbrev</name>
         <load_address>0xdb5</load_address>
         <run_address>0xdb5</run_address>
         <size>0x8b</size>
         <input_file_ref idref="fl-d"/>
      </object_component>
      <object_component id="oc-10e">
         <name>.debug_abbrev</name>
         <load_address>0xe40</load_address>
         <run_address>0xe40</run_address>
         <size>0x4f</size>
         <input_file_ref idref="fl-c7"/>
      </object_component>
      <object_component id="oc-10c">
         <name>.debug_abbrev</name>
         <load_address>0xe8f</load_address>
         <run_address>0xe8f</run_address>
         <size>0x5d</size>
         <input_file_ref idref="fl-c8"/>
      </object_component>
      <object_component id="oc-8c">
         <name>.debug_abbrev</name>
         <load_address>0xeec</load_address>
         <run_address>0xeec</run_address>
         <size>0x6f</size>
         <input_file_ref idref="fl-c8"/>
      </object_component>
      <object_component id="oc-8f">
         <name>.debug_abbrev</name>
         <load_address>0xf5b</load_address>
         <run_address>0xf5b</run_address>
         <size>0x24</size>
         <input_file_ref idref="fl-c8"/>
      </object_component>
      <object_component id="oc-109">
         <name>.debug_abbrev</name>
         <load_address>0xf7f</load_address>
         <run_address>0xf7f</run_address>
         <size>0x24</size>
         <input_file_ref idref="fl-c8"/>
      </object_component>
      <object_component id="oc-8a">
         <name>.debug_abbrev</name>
         <load_address>0xfa3</load_address>
         <run_address>0xfa3</run_address>
         <size>0x37</size>
         <input_file_ref idref="fl-c9"/>
      </object_component>
      <object_component id="oc-3c">
         <name>.debug_abbrev</name>
         <load_address>0xfda</load_address>
         <run_address>0xfda</run_address>
         <size>0x74</size>
         <input_file_ref idref="fl-c9"/>
      </object_component>
      <object_component id="oc-3f">
         <name>.debug_abbrev</name>
         <load_address>0x104e</load_address>
         <run_address>0x104e</run_address>
         <size>0x24</size>
         <input_file_ref idref="fl-c9"/>
      </object_component>
      <object_component id="oc-87">
         <name>.debug_abbrev</name>
         <load_address>0x1072</load_address>
         <run_address>0x1072</run_address>
         <size>0x24</size>
         <input_file_ref idref="fl-c9"/>
      </object_component>
      <object_component id="oc-105">
         <name>.debug_abbrev</name>
         <load_address>0x1096</load_address>
         <run_address>0x1096</run_address>
         <size>0x37</size>
         <input_file_ref idref="fl-ca"/>
      </object_component>
      <object_component id="oc-2c">
         <name>.debug_abbrev</name>
         <load_address>0x10cd</load_address>
         <run_address>0x10cd</run_address>
         <size>0x6f</size>
         <input_file_ref idref="fl-ca"/>
      </object_component>
      <object_component id="oc-2f">
         <name>.debug_abbrev</name>
         <load_address>0x113c</load_address>
         <run_address>0x113c</run_address>
         <size>0x24</size>
         <input_file_ref idref="fl-ca"/>
      </object_component>
      <object_component id="oc-102">
         <name>.debug_abbrev</name>
         <load_address>0x1160</load_address>
         <run_address>0x1160</run_address>
         <size>0x35</size>
         <input_file_ref idref="fl-ca"/>
      </object_component>
      <object_component id="oc-80">
         <name>.debug_abbrev</name>
         <load_address>0x1195</load_address>
         <run_address>0x1195</run_address>
         <size>0x24</size>
         <input_file_ref idref="fl-ca"/>
      </object_component>
      <object_component id="oc-7c">
         <name>.debug_abbrev</name>
         <load_address>0x11b9</load_address>
         <run_address>0x11b9</run_address>
         <size>0x29</size>
         <input_file_ref idref="fl-cb"/>
      </object_component>
      <object_component id="oc-a2">
         <name>.debug_abbrev</name>
         <load_address>0x11e2</load_address>
         <run_address>0x11e2</run_address>
         <size>0x55</size>
         <input_file_ref idref="fl-cb"/>
      </object_component>
      <object_component id="oc-84">
         <name>.debug_abbrev</name>
         <load_address>0x1237</load_address>
         <run_address>0x1237</run_address>
         <size>0x3e</size>
         <input_file_ref idref="fl-cc"/>
      </object_component>
      <object_component id="oc-1bf">
         <name>.debug_abbrev</name>
         <load_address>0x1275</load_address>
         <run_address>0x1275</run_address>
         <size>0xc0</size>
         <input_file_ref idref="fl-cd"/>
      </object_component>
      <object_component id="oc-189">
         <name>.debug_abbrev</name>
         <load_address>0x1335</load_address>
         <run_address>0x1335</run_address>
         <size>0x7e</size>
         <input_file_ref idref="fl-cd"/>
      </object_component>
      <object_component id="oc-1c3">
         <name>.debug_abbrev</name>
         <load_address>0x13b3</load_address>
         <run_address>0x13b3</run_address>
         <size>0x24</size>
         <input_file_ref idref="fl-cd"/>
      </object_component>
      <object_component id="oc-1d7">
         <name>.debug_abbrev</name>
         <load_address>0x13d7</load_address>
         <run_address>0x13d7</run_address>
         <size>0x24</size>
         <input_file_ref idref="fl-cd"/>
      </object_component>
      <object_component id="oc-1c8">
         <name>.debug_abbrev</name>
         <load_address>0x13fb</load_address>
         <run_address>0x13fb</run_address>
         <size>0x24</size>
         <input_file_ref idref="fl-cd"/>
      </object_component>
      <object_component id="oc-1cd">
         <name>.debug_abbrev</name>
         <load_address>0x141f</load_address>
         <run_address>0x141f</run_address>
         <size>0x4b</size>
         <input_file_ref idref="fl-cd"/>
      </object_component>
      <object_component id="oc-10f">
         <name>.debug_abbrev</name>
         <load_address>0x146a</load_address>
         <run_address>0x146a</run_address>
         <size>0x55</size>
         <input_file_ref idref="fl-ce"/>
      </object_component>
      <object_component id="oc-17f">
         <name>.debug_abbrev</name>
         <load_address>0x14bf</load_address>
         <run_address>0x14bf</run_address>
         <size>0x45</size>
         <input_file_ref idref="fl-d0"/>
      </object_component>
      <object_component id="oc-217">
         <name>.debug_abbrev</name>
         <load_address>0x1504</load_address>
         <run_address>0x1504</run_address>
         <size>0xf</size>
      </object_component>
      <object_component id="oc-170">
         <name>.debug_str</name>
         <load_address>0x0</load_address>
         <run_address>0x0</run_address>
         <size>0x15ff</size>
         <input_file_ref idref="fl-2"/>
      </object_component>
      <object_component id="oc-ff">
         <name>.debug_str</name>
         <load_address>0x15ff</load_address>
         <run_address>0x15ff</run_address>
         <size>0x2e6</size>
         <input_file_ref idref="fl-2"/>
      </object_component>
      <object_component id="oc-175">
         <name>.debug_str</name>
         <load_address>0x18e5</load_address>
         <run_address>0x18e5</run_address>
         <size>0x4bb</size>
         <input_file_ref idref="fl-2"/>
      </object_component>
      <object_component id="oc-36">
         <name>.debug_str</name>
         <load_address>0x1da0</load_address>
         <run_address>0x1da0</run_address>
         <size>0xfd</size>
         <input_file_ref idref="fl-2"/>
      </object_component>
      <object_component id="oc-17c">
         <name>.debug_str</name>
         <load_address>0x1e9d</load_address>
         <run_address>0x1e9d</run_address>
         <size>0x37c</size>
         <input_file_ref idref="fl-2"/>
      </object_component>
      <object_component id="oc-f4">
         <name>.debug_str</name>
         <load_address>0x2219</load_address>
         <run_address>0x2219</run_address>
         <size>0x17e</size>
         <input_file_ref idref="fl-2"/>
      </object_component>
      <object_component id="oc-1ae">
         <name>.debug_str</name>
         <load_address>0x2397</load_address>
         <run_address>0x2397</run_address>
         <size>0x1601</size>
         <input_file_ref idref="fl-8"/>
      </object_component>
      <object_component id="oc-ef">
         <name>.debug_str</name>
         <load_address>0x3998</load_address>
         <run_address>0x3998</run_address>
         <size>0x1fb</size>
         <input_file_ref idref="fl-b"/>
      </object_component>
      <object_component id="oc-ea">
         <name>.debug_str</name>
         <load_address>0x3b93</load_address>
         <run_address>0x3b93</run_address>
         <size>0xfd</size>
         <input_file_ref idref="fl-b"/>
      </object_component>
      <object_component id="oc-91">
         <name>.debug_str</name>
         <load_address>0x3c90</load_address>
         <run_address>0x3c90</run_address>
         <size>0x105</size>
         <input_file_ref idref="fl-c8"/>
      </object_component>
      <object_component id="oc-10b">
         <name>.debug_str</name>
         <load_address>0x3d95</load_address>
         <run_address>0x3d95</run_address>
         <size>0x140</size>
         <input_file_ref idref="fl-c8"/>
      </object_component>
      <object_component id="oc-41">
         <name>.debug_str</name>
         <load_address>0x3ed5</load_address>
         <run_address>0x3ed5</run_address>
         <size>0x10b</size>
         <input_file_ref idref="fl-c9"/>
      </object_component>
      <object_component id="oc-89">
         <name>.debug_str</name>
         <load_address>0x3fe0</load_address>
         <run_address>0x3fe0</run_address>
         <size>0x140</size>
         <input_file_ref idref="fl-c9"/>
      </object_component>
      <object_component id="oc-31">
         <name>.debug_str</name>
         <load_address>0x4120</load_address>
         <run_address>0x4120</run_address>
         <size>0x118</size>
         <input_file_ref idref="fl-ca"/>
      </object_component>
      <object_component id="oc-104">
         <name>.debug_str</name>
         <load_address>0x4238</load_address>
         <run_address>0x4238</run_address>
         <size>0x16b</size>
         <input_file_ref idref="fl-ca"/>
      </object_component>
      <object_component id="oc-82">
         <name>.debug_str</name>
         <load_address>0x43a3</load_address>
         <run_address>0x43a3</run_address>
         <size>0x158</size>
         <input_file_ref idref="fl-ca"/>
      </object_component>
      <object_component id="oc-1c5">
         <name>.debug_str</name>
         <load_address>0x44fb</load_address>
         <run_address>0x44fb</run_address>
         <size>0xed</size>
         <input_file_ref idref="fl-cd"/>
      </object_component>
      <object_component id="oc-1d9">
         <name>.debug_str</name>
         <load_address>0x45e8</load_address>
         <run_address>0x45e8</run_address>
         <size>0x157</size>
         <input_file_ref idref="fl-cd"/>
      </object_component>
      <object_component id="oc-1ca">
         <name>.debug_str</name>
         <load_address>0x473f</load_address>
         <run_address>0x473f</run_address>
         <size>0x150</size>
         <input_file_ref idref="fl-cd"/>
      </object_component>
      <object_component id="oc-1cf">
         <name>.debug_str</name>
         <load_address>0x488f</load_address>
         <run_address>0x488f</run_address>
         <size>0x197</size>
         <input_file_ref idref="fl-cd"/>
      </object_component>
      <object_component id="oc-c6">
         <name>.debug_aranges</name>
         <load_address>0x0</load_address>
         <run_address>0x0</run_address>
         <size>0x28</size>
         <input_file_ref idref="fl-2"/>
      </object_component>
      <object_component id="oc-ba">
         <name>.debug_aranges</name>
         <load_address>0x28</load_address>
         <run_address>0x28</run_address>
         <size>0x40</size>
         <input_file_ref idref="fl-3"/>
      </object_component>
      <object_component id="oc-d9">
         <name>.debug_aranges</name>
         <load_address>0x68</load_address>
         <run_address>0x68</run_address>
         <size>0x40</size>
         <input_file_ref idref="fl-4"/>
      </object_component>
      <object_component id="oc-cf">
         <name>.debug_aranges</name>
         <load_address>0xa8</load_address>
         <run_address>0xa8</run_address>
         <size>0x38</size>
         <input_file_ref idref="fl-5"/>
      </object_component>
      <object_component id="oc-b6">
         <name>.debug_aranges</name>
         <load_address>0xe0</load_address>
         <run_address>0xe0</run_address>
         <size>0x48</size>
         <input_file_ref idref="fl-6"/>
      </object_component>
      <object_component id="oc-154">
         <name>.debug_aranges</name>
         <load_address>0x128</load_address>
         <run_address>0x128</run_address>
         <size>0x50</size>
         <input_file_ref idref="fl-7"/>
      </object_component>
      <object_component id="oc-c0">
         <name>.debug_aranges</name>
         <load_address>0x178</load_address>
         <run_address>0x178</run_address>
         <size>0x50</size>
         <input_file_ref idref="fl-8"/>
      </object_component>
      <object_component id="oc-e0">
         <name>.debug_aranges</name>
         <load_address>0x1c8</load_address>
         <run_address>0x1c8</run_address>
         <size>0x20</size>
         <input_file_ref idref="fl-9"/>
      </object_component>
      <object_component id="oc-76">
         <name>.debug_aranges</name>
         <load_address>0x1e8</load_address>
         <run_address>0x1e8</run_address>
         <size>0x30</size>
         <input_file_ref idref="fl-a"/>
      </object_component>
      <object_component id="oc-70">
         <name>.debug_aranges</name>
         <load_address>0x218</load_address>
         <run_address>0x218</run_address>
         <size>0x70</size>
         <input_file_ref idref="fl-b"/>
      </object_component>
      <object_component id="oc-69">
         <name>.debug_aranges</name>
         <load_address>0x288</load_address>
         <run_address>0x288</run_address>
         <size>0x28</size>
         <input_file_ref idref="fl-c"/>
      </object_component>
      <object_component id="oc-b0">
         <name>.debug_aranges</name>
         <load_address>0x2b0</load_address>
         <run_address>0x2b0</run_address>
         <size>0x28</size>
         <input_file_ref idref="fl-d"/>
      </object_component>
      <object_component id="oc-95">
         <name>.debug_aranges</name>
         <load_address>0x2d8</load_address>
         <run_address>0x2d8</run_address>
         <size>0x28</size>
         <input_file_ref idref="fl-c7"/>
      </object_component>
      <object_component id="oc-45">
         <name>.debug_aranges</name>
         <load_address>0x300</load_address>
         <run_address>0x300</run_address>
         <size>0x20</size>
         <input_file_ref idref="fl-c8"/>
      </object_component>
      <object_component id="oc-1e">
         <name>.debug_aranges</name>
         <load_address>0x320</load_address>
         <run_address>0x320</run_address>
         <size>0x20</size>
         <input_file_ref idref="fl-c9"/>
      </object_component>
      <object_component id="oc-1a">
         <name>.debug_aranges</name>
         <load_address>0x340</load_address>
         <run_address>0x340</run_address>
         <size>0x20</size>
         <input_file_ref idref="fl-ca"/>
      </object_component>
      <object_component id="oc-58">
         <name>.debug_aranges</name>
         <load_address>0x360</load_address>
         <run_address>0x360</run_address>
         <size>0x20</size>
         <input_file_ref idref="fl-cb"/>
      </object_component>
      <object_component id="oc-3b">
         <name>.debug_aranges</name>
         <load_address>0x380</load_address>
         <run_address>0x380</run_address>
         <size>0x20</size>
         <input_file_ref idref="fl-cc"/>
      </object_component>
      <object_component id="oc-120">
         <name>.debug_aranges</name>
         <load_address>0x3a0</load_address>
         <run_address>0x3a0</run_address>
         <size>0x20</size>
         <input_file_ref idref="fl-cd"/>
      </object_component>
      <object_component id="oc-9b">
         <name>.debug_aranges</name>
         <load_address>0x3c0</load_address>
         <run_address>0x3c0</run_address>
         <size>0x20</size>
         <input_file_ref idref="fl-ce"/>
      </object_component>
      <object_component id="oc-111">
         <name>.debug_aranges</name>
         <load_address>0x3e0</load_address>
         <run_address>0x3e0</run_address>
         <size>0x20</size>
         <input_file_ref idref="fl-d0"/>
      </object_component>
      <object_component id="oc-c7">
         <name>.debug_pubnames</name>
         <load_address>0x0</load_address>
         <run_address>0x0</run_address>
         <size>0x2e</size>
         <input_file_ref idref="fl-2"/>
      </object_component>
      <object_component id="oc-15b">
         <name>.debug_pubnames</name>
         <load_address>0x2e</load_address>
         <run_address>0x2e</run_address>
         <size>0x67</size>
         <input_file_ref idref="fl-3"/>
      </object_component>
      <object_component id="oc-bb">
         <name>.debug_pubnames</name>
         <load_address>0x95</load_address>
         <run_address>0x95</run_address>
         <size>0x68</size>
         <input_file_ref idref="fl-3"/>
      </object_component>
      <object_component id="oc-db">
         <name>.debug_pubnames</name>
         <load_address>0xfd</load_address>
         <run_address>0xfd</run_address>
         <size>0x74</size>
         <input_file_ref idref="fl-4"/>
      </object_component>
      <object_component id="oc-d0">
         <name>.debug_pubnames</name>
         <load_address>0x171</load_address>
         <run_address>0x171</run_address>
         <size>0x60</size>
         <input_file_ref idref="fl-5"/>
      </object_component>
      <object_component id="oc-b5">
         <name>.debug_pubnames</name>
         <load_address>0x1d1</load_address>
         <run_address>0x1d1</run_address>
         <size>0x74</size>
         <input_file_ref idref="fl-6"/>
      </object_component>
      <object_component id="oc-157">
         <name>.debug_pubnames</name>
         <load_address>0x245</load_address>
         <run_address>0x245</run_address>
         <size>0x76</size>
         <input_file_ref idref="fl-7"/>
      </object_component>
      <object_component id="oc-15f">
         <name>.debug_pubnames</name>
         <load_address>0x2bb</load_address>
         <run_address>0x2bb</run_address>
         <size>0x1e</size>
         <input_file_ref idref="fl-8"/>
      </object_component>
      <object_component id="oc-162">
         <name>.debug_pubnames</name>
         <load_address>0x2d9</load_address>
         <run_address>0x2d9</run_address>
         <size>0x1e</size>
         <input_file_ref idref="fl-8"/>
      </object_component>
      <object_component id="oc-c1">
         <name>.debug_pubnames</name>
         <load_address>0x2f7</load_address>
         <run_address>0x2f7</run_address>
         <size>0xab</size>
         <input_file_ref idref="fl-8"/>
      </object_component>
      <object_component id="oc-df">
         <name>.debug_pubnames</name>
         <load_address>0x3a2</load_address>
         <run_address>0x3a2</run_address>
         <size>0x23</size>
         <input_file_ref idref="fl-9"/>
      </object_component>
      <object_component id="oc-f7">
         <name>.debug_pubnames</name>
         <load_address>0x3c5</load_address>
         <run_address>0x3c5</run_address>
         <size>0x22</size>
         <input_file_ref idref="fl-a"/>
      </object_component>
      <object_component id="oc-77">
         <name>.debug_pubnames</name>
         <load_address>0x3e7</load_address>
         <run_address>0x3e7</run_address>
         <size>0x49</size>
         <input_file_ref idref="fl-a"/>
      </object_component>
      <object_component id="oc-d5">
         <name>.debug_pubnames</name>
         <load_address>0x430</load_address>
         <run_address>0x430</run_address>
         <size>0x57</size>
         <input_file_ref idref="fl-b"/>
      </object_component>
      <object_component id="oc-cc">
         <name>.debug_pubnames</name>
         <load_address>0x487</load_address>
         <run_address>0x487</run_address>
         <size>0x5b</size>
         <input_file_ref idref="fl-b"/>
      </object_component>
      <object_component id="oc-6f">
         <name>.debug_pubnames</name>
[...]
      </symbol>
      <symbol id="sm-ac">
         <name>ClockFrequency</name>
         <value>0x200002ac</value>
         <object_component_ref idref="oc-159"/>
      </symbol>
      <symbol id="sm-ad">
         <name>Postwait</name>
         <value>0x200002b8</value>
         <object_component_ref idref="oc-159"/>
      </symbol>
      <symbol id="sm-ae">
         <name>delay</name>
         <value>0x1121</value>
         <object_component_ref idref="oc-b8"/>
      </symbol>
      <symbol id="sm-af">
         <name>CPMwait</name>
         <value>0x200002b4</value>
         <object_component_ref idref="oc-159"/>
      </symbol>
      <symbol id="sm-b0">
         <name>Clock_Init48MHz</name>
         <value>0x1005</value>
         <object_component_ref idref="oc-b8"/>
      </symbol>
      <symbol id="sm-be">
         <name>StartCritical</name>
         <value>0x1841</value>
         <object_component_ref idref="oc-d7"/>
      </symbol>
      <symbol id="sm-bf">
         <name>EndCritical</name>
         <value>0x184b</value>
         <object_component_ref idref="oc-d7"/>
      </symbol>
      <symbol id="sm-c0">
         <name>DisableInterrupts</name>
         <value>0x1835</value>
         <object_component_ref idref="oc-d7"/>
      </symbol>
      <symbol id="sm-c1">
         <name>WaitForInterrupt</name>
         <value>0x1853</value>
         <object_component_ref idref="oc-d7"/>
      </symbol>
      <symbol id="sm-c2">
         <name>EnableInterrupts</name>
         <value>0x183b</value>
         <object_component_ref idref="oc-d7"/>
      </symbol>
      <symbol id="sm-db">
         <name>LaunchPad_LED</name>
         <value>0x14eb</value>
         <object_component_ref idref="oc-cd"/>
      </symbol>
      <symbol id="sm-dc">
         <name>LaunchPad_Input</name>
         <value>0x14cd</value>
         <object_component_ref idref="oc-cd"/>
      </symbol>
      <symbol id="sm-dd">
         <name>LaunchPad_Output</name>
         <value>0x1509</value>
         <object_component_ref idref="oc-cd"/>
      </symbol>
      <symbol id="sm-de">
         <name>LaunchPad_Init</name>
         <value>0x145d</value>
         <object_component_ref idref="oc-cd"/>
      </symbol>
      <symbol id="sm-f7">
         <name>Motor_Left</name>
         <value>0x12d3</value>
         <object_component_ref idref="oc-b2"/>
      </symbol>
      <symbol id="sm-f8">
         <name>Motor_Init</name>
         <value>0x11e5</value>
         <object_component_ref idref="oc-b2"/>
      </symbol>
      <symbol id="sm-f9">
         <name>Motor_Backward</name>
         <value>0x130d</value>
         <object_component_ref idref="oc-b2"/>
      </symbol>
      <symbol id="sm-fa">
         <name>Motor_Right</name>
         <value>0x1299</value>
         <object_component_ref idref="oc-b2"/>
      </symbol>
      <symbol id="sm-fb">
         <name>Motor_Stop</name>
         <value>0x123b</value>
         <object_component_ref idref="oc-b2"/>
      </symbol>
      <symbol id="sm-fc">
         <name>Motor_Forward</name>
         <value>0x1269</value>
         <object_component_ref idref="oc-b2"/>
      </symbol>
      <symbol id="sm-122">
         <name>PWM_Duty3</name>
         <value>0xf8b</value>
         <object_component_ref idref="oc-152"/>
      </symbol>
      <symbol id="sm-123">
         <name>PWM_Duty2</name>
         <value>0xee7</value>
         <object_component_ref idref="oc-152"/>
      </symbol>
      <symbol id="sm-124">
         <name>PWM_Duty1</name>
         <value>0xec7</value>
         <object_component_ref idref="oc-152"/>
      </symbol>
      <symbol id="sm-125">
         <name>PWM_Duty4</name>
         <value>0xfab</value>
         <object_component_ref idref="oc-152"/>
      </symbol>
      <symbol id="sm-126">
         <name>PWM_Init34</name>
         <value>0xf07</value>
         <object_component_ref idref="oc-152"/>
      </symbol>
      <symbol id="sm-127">
         <name>PWM_Init12</name>
         <value>0xe43</value>
         <object_component_ref idref="oc-152"/>
      </symbol>
      <symbol id="sm-128">
         <name>PWM_Init1</name>
         <value>0xddd</value>
         <object_component_ref idref="oc-152"/>
      </symbol>
      <symbol id="sm-167">
         <name>Reflectance_End</name>
         <value>0xd69</value>
         <object_component_ref idref="oc-be"/>
      </symbol>
      <symbol id="sm-168">
         <name>Reflectance_Read</name>
         <value>0xb89</value>
         <object_component_ref idref="oc-be"/>
      </symbol>
      <symbol id="sm-169">
         <name>Reflectance_Init</name>
         <value>0xb05</value>
         <object_component_ref idref="oc-be"/>
      </symbol>
      <symbol id="sm-16a">
         <name>Reflectance_Start</name>
         <value>0xd2f</value>
         <object_component_ref idref="oc-be"/>
      </symbol>
      <symbol id="sm-16b">
         <name>Reflectance_Position</name>
         <value>0xbf1</value>
         <object_component_ref idref="oc-be"/>
      </symbol>
      <symbol id="sm-16c">
         <name>Reflectance_Diff</name>
         <value>0xc75</value>
         <object_component_ref idref="oc-be"/>
      </symbol>
      <symbol id="sm-16d">
         <name>Reflectance_Center</name>
         <value>0xbe5</value>
         <object_component_ref idref="oc-be"/>
      </symbol>
      <symbol id="sm-17c">
         <name>SysTick_Init</name>
         <value>0x17c1</value>
         <object_component_ref idref="oc-dd"/>
      </symbol>
      <symbol id="sm-195">
         <name>TimerA1Task</name>
         <value>0x20000288</value>
      </symbol>
      <symbol id="sm-196">
         <name>TimerA1_Init</name>
         <value>0x1555</value>
         <object_component_ref idref="oc-73"/>
      </symbol>
      <symbol id="sm-197">
         <name>TA1_0_IRQHandler</name>
         <value>0x15c7</value>
         <object_component_ref idref="oc-73"/>
      </symbol>
      <symbol id="sm-198">
         <name>TimerA1_Stop</name>
         <value>0x15b3</value>
         <object_component_ref idref="oc-73"/>
      </symbol>
      <symbol id="sm-235">
         <name>reflectance_data</name>
         <value>0x2000028d</value>
      </symbol>
      <symbol id="sm-236">
         <name>reflectance_posn</name>
         <value>0x2000028e</value>
      </symbol>
      <symbol id="sm-237">
         <name>bump_data</name>
         <value>0x2000028c</value>
      </symbol>
      <symbol id="sm-238">
         <name>fsmTable</name>
         <value>0x20000000</value>
      </symbol>
      <symbol id="sm-239">
         <name>stop</name>
         <value>0x155</value>
         <object_component_ref idref="oc-6d"/>
      </symbol>
      <symbol id="sm-23a">
         <name>SysTick_Handler</name>
         <value>0x2db</value>
         <object_component_ref idref="oc-6d"/>
      </symbol>
      <symbol id="sm-23b">
         <name>time_backup</name>
         <value>0x200002a4</value>
         <object_component_ref idref="oc-ca"/>
      </symbol>
      <symbol id="sm-23c">
         <name>goLeft</name>
         <value>0x101</value>
         <object_component_ref idref="oc-6d"/>
      </symbol>
      <symbol id="sm-23d">
         <name>goBackwards</name>
         <value>0x139</value>
         <object_component_ref idref="oc-6d"/>
      </symbol>
      <symbol id="sm-23e">
         <name>speed</name>
         <value>0x20000290</value>
         <object_component_ref idref="oc-ca"/>
      </symbol>
      <symbol id="sm-23f">
         <name>goStraight</name>
         <value>0xe5</value>
         <object_component_ref idref="oc-6d"/>
      </symbol>
      <symbol id="sm-240">
         <name>backup_speed</name>
         <value>0x20000294</value>
         <object_component_ref idref="oc-ca"/>
      </symbol>
      <symbol id="sm-241">
         <name>time1</name>
         <value>0x20000298</value>
         <object_component_ref idref="oc-ca"/>
      </symbol>
      <symbol id="sm-242">
         <name>time2</name>
         <value>0x2000029c</value>
         <object_component_ref idref="oc-ca"/>
      </symbol>
      <symbol id="sm-243">
         <name>time3</name>
         <value>0x200002a0</value>
         <object_component_ref idref="oc-ca"/>
      </symbol>
      <symbol id="sm-244">
         <name>main</name>
         <value>0x4cd</value>
         <object_component_ref idref="oc-6d"/>
      </symbol>
      <symbol id="sm-245">
         <name>bump_interrupt</name>
         <value>0x319</value>
         <object_component_ref idref="oc-6d"/>
      </symbol>
      <symbol id="sm-246">
         <name>initializeFSMTable</name>
         <value>0x15d</value>
         <object_component_ref idref="oc-6d"/>
      </symbol>
      <symbol id="sm-247">
         <name>processInput</name>
         <value>0x2a3</value>
         <object_component_ref idref="oc-6d"/>
      </symbol>
      <symbol id="sm-248">
         <name>TimedPause</name>
         <value>0x3b1</value>
         <object_component_ref idref="oc-6d"/>
      </symbol>
      <symbol id="sm-249">
         <name>goRight</name>
         <value>0x11d</value>
         <object_component_ref idref="oc-6d"/>
      </symbol>
      <symbol id="sm-25e">
         <name>Reset_Handler</name>
         <value>0x1883</value>
         <object_component_ref idref="oc-67"/>
      </symbol>
      <symbol id="sm-25f">
         <name>Default_Handler</name>
         <value>0x188f</value>
         <object_component_ref idref="oc-67"/>
      </symbol>
      <symbol id="sm-260">
         <name>interruptVectors</name>
         <value>0x0</value>
         <object_component_ref idref="oc-26"/>
      </symbol>
      <symbol id="sm-2a8">
         <name>SystemInit</name>
         <value>0xa49</value>
         <object_component_ref idref="oc-ab"/>
      </symbol>
      <symbol id="sm-2a9">
         <name>SystemCoreClockUpdate</name>
         <value>0x7d1</value>
         <object_component_ref idref="oc-ab"/>
      </symbol>
      <symbol id="sm-2aa">
         <name>SystemCoreClock</name>
         <value>0x200002c4</value>
         <object_component_ref idref="oc-14e"/>
      </symbol>
      <symbol id="sm-2b9">
         <name>__aeabi_memset</name>
         <value>0x169b</value>
         <object_component_ref idref="oc-93"/>
      </symbol>
      <symbol id="sm-2ba">
         <name>memset</name>
         <value>0x16a1</value>
         <object_component_ref idref="oc-93"/>
      </symbol>
      <symbol id="sm-2bb">
         <name>__aeabi_memset8</name>
         <value>0x169b</value>
         <object_component_ref idref="oc-93"/>
      </symbol>
      <symbol id="sm-2bc">
         <name>__aeabi_memset4</name>
         <value>0x169b</value>
         <object_component_ref idref="oc-93"/>
      </symbol>
      <symbol id="sm-2bd">
         <name>__aeabi_memclr8</name>
         <value>0x1699</value>
         <object_component_ref idref="oc-93"/>
      </symbol>
      <symbol id="sm-2be">
         <name>__aeabi_memclr4</name>
         <value>0x1699</value>
         <object_component_ref idref="oc-93"/>
      </symbol>
      <symbol id="sm-2bf">
         <name>__aeabi_memclr</name>
         <value>0x1699</value>
         <object_component_ref idref="oc-93"/>
      </symbol>
      <symbol id="sm-2d8">
         <name>__TI_zero_init_nomemset</name>
         <value>0x1859</value>
         <object_component_ref idref="oc-43"/>
      </symbol>
      <symbol id="sm-2ef">
         <name>__TI_decompress_none</name>
         <value>0x1875</value>
         <object_component_ref idref="oc-1d"/>
      </symbol>
      <symbol id="sm-312">
         <name>__TI_decompress_lzss</name>
         <value>0x1713</value>
         <object_component_ref idref="oc-17"/>
      </symbol>
      <symbol id="sm-325">
         <name>__stack</name>
         <value>0x2000fe00</value>
         <object_component_ref idref="oc-29"/>
      </symbol>
      <symbol id="sm-326">
         <name>_c_int00_noargs</name>
         <value>0x1801</value>
         <object_component_ref idref="oc-55"/>
      </symbol>
      <symbol id="sm-341">
         <name>memcpy</name>
         <value>0x15fd</value>
         <object_component_ref idref="oc-37"/>
      </symbol>
      <symbol id="sm-342">
         <name>__aeabi_memcpy</name>
         <value>0x15fd</value>
         <object_component_ref idref="oc-37"/>
      </symbol>
      <symbol id="sm-343">
         <name>__aeabi_memcpy8</name>
         <value>0x15fd</value>
         <object_component_ref idref="oc-37"/>
      </symbol>
      <symbol id="sm-344">
         <name>__aeabi_memcpy4</name>
         <value>0x15fd</value>
         <object_component_ref idref="oc-37"/>
      </symbol>
      <symbol id="sm-36c">
         <name>__TI_auto_init_nobinit_nopinit</name>
         <value>0x177d</value>
         <object_component_ref idref="oc-11c"/>
      </symbol>
      <symbol id="sm-376">
         <name>_system_pre_init</name>
         <value>0x1891</value>
         <object_component_ref idref="oc-99"/>
      </symbol>
      <symbol id="sm-382">
         <name>C$$EXIT</name>
         <value>0x1895</value>
         <object_component_ref idref="oc-110"/>
      </symbol>
      <symbol id="sm-383">
         <name>abort</name>
         <value>0x1895</value>
         <object_component_ref idref="oc-110"/>
      </symbol>
      <symbol id="sm-386">
         <name>__TI_static_base__</name>
         <value>0x0</value>
      </symbol>
      <symbol id="sm-389">
         <name>__mpu_init</name>
         <value>0x0</value>
      </symbol>
      <symbol id="sm-38a">
         <name>_system_post_cinit</name>
         <value>0x0</value>
      </symbol>
      <symbol id="sm-38b">
         <name>NMI_Handler</name>
         <value>0x188f</value>
      </symbol>
      <symbol id="sm-38c">
         <name>HardFault_Handler</name>
         <value>0x188f</value>
      </symbol>
      <symbol id="sm-38d">
         <name>MemManage_Handler</name>
         <value>0x188f</value>
      </symbol>
      <symbol id="sm-38e">
         <name>BusFault_Handler</name>
         <value>0x188f</value>
      </symbol>
      <symbol id="sm-38f">
         <name>UsageFault_Handler</name>
         <value>0x188f</value>
      </symbol>
      <symbol id="sm-390">
         <name>SVC_Handler</name>
         <value>0x188f</value>
      </symbol>
      <symbol id="sm-391">
         <name>DebugMon_Handler</name>
         <value>0x188f</value>
      </symbol>
      <symbol id="sm-392">
         <name>PendSV_Handler</name>
         <value>0x188f</value>
      </symbol>
      <symbol id="sm-393">
         <name>SysTick_Handler</name>
         <value>0x2db</value>
      </symbol>
      <symbol id="sm-394">
         <name>PSS_IRQHandler</name>
         <value>0x188f</value>
      </symbol>
      <symbol id="sm-395">
         <name>CS_IRQHandler</name>
         <value>0x188f</value>
      </symbol>
      <symbol id="sm-396">
         <name>PCM_IRQHandler</name>
         <value>0x188f</value>
      </symbol>
      <symbol id="sm-397">
         <name>WDT_A_IRQHandler</name>
         <value>0x188f</value>
      </symbol>
      <symbol id="sm-398">
         <name>FPU_IRQHandler</name>
         <value>0x188f</value>
      </symbol>
      <symbol id="sm-399">
         <name>FLCTL_IRQHandler</name>
         <value>0x188f</value>
      </symbol>
      <symbol id="sm-39a">
         <name>COMP_E0_IRQHandler</name>
         <value>0x188f</value>
      </symbol>
      <symbol id="sm-39b">
         <name>COMP_E1_IRQHandler</name>
         <value>0x188f</value>
      </symbol>
      <symbol id="sm-39c">
         <name>TA0_0_IRQHandler</name>
         <value>0x188f</value>
      </symbol>
      <symbol id="sm-39d">
         <name>TA0_N_IRQHandler</name>
         <value>0x188f</value>
      </symbol>
      <symbol id="sm-39e">
         <name>TA1_0_IRQHandler</name>
         <value>0x15c7</value>
      </symbol>
      <symbol id="sm-39f">
         <name>TA1_N_IRQHandler</name>
         <value>0x188f</value>
      </symbol>
      <symbol id="sm-3a0">
         <name>TA2_0_IRQHandler</name>
         <value>0x188f</value>
      </symbol>
      <symbol id="sm-3a1">
         <name>TA2_N_IRQHandler</name>
         <value>0x188f</value>
      </symbol>
      <symbol id="sm-3a2">
         <name>TA3_0_IRQHandler</name>
         <value>0x188f</value>
      </symbol>
      <symbol id="sm-3a3">
         <name>TA3_N_IRQHandler</name>
         <value>0x188f</value>
      </symbol>
      <symbol id="sm-3a4">
         <name>EUSCIA0_IRQHandler</name>
         <value>0x188f</value>
      </symbol>
      <symbol id="sm-3a5">
         <name>EUSCIA1_IRQHandler</name>
         <value>0x188f</value>
      </symbol>
      <symbol id="sm-3a6">
         <name>EUSCIA2_IRQHandler</name>
         <value>0x188f</value>
      </symbol>
      <symbol id="sm-3a7">
         <name>EUSCIA3_IRQHandler</name>
         <value>0x188f</value>
      </symbol>
      <symbol id="sm-3a8">
         <name>EUSCIB0_IRQHandler</name>
         <value>0x188f</value>
      </symbol>
      <symbol id="sm-3a9">
         <name>EUSCIB1_IRQHandler</name>
         <value>0x188f</value>
      </symbol>
      <symbol id="sm-3aa">
         <name>EUSCIB2_IRQHandler</name>
         <value>0x188f</value>
      </symbol>
      <symbol id="sm-3ab">
         <name>EUSCIB3_IRQHandler</name>
         <value>0x188f</value>
      </symbol>
      <symbol id="sm-3ac">
         <name>ADC14_IRQHandler</name>
         <value>0x188f</value>
      </symbol>
      <symbol id="sm-3ad">
         <name>T32_INT1_IRQHandler</name>
         <value>0x188f</value>
      </symbol>
      <symbol id="sm-3ae">
         <name>T32_INT2_IRQHandler</name>
         <value>0x188f</value>
      </symbol>
      <symbol id="sm-3af">
         <name>T32_INTC_IRQHandler</name>
         <value>0x188f</value>
      </symbol>
      <symbol id="sm-3b0">
         <name>AES256_IRQHandler</name>
         <value>0x188f</value>
      </symbol>
      <symbol id="sm-3b1">
         <name>RTC_C_IRQHandler</name>
         <value>0x188f</value>
      </symbol>
      <symbol id="sm-3b2">
         <name>DMA_ERR_IRQHandler</name>
         <value>0x188f</value>
      </symbol>
      <symbol id="sm-3b3">
         <name>DMA_INT3_IRQHandler</name>
         <value>0x188f</value>
      </symbol>
      <symbol id="sm-3b4">
         <name>DMA_INT2_IRQHandler</name>
         <value>0x188f</value>
      </symbol>
      <symbol id="sm-3b5">
         <name>DMA_INT1_IRQHandler</name>
         <value>0x188f</value>
      </symbol>
      <symbol id="sm-3b6">
         <name>DMA_INT0_IRQHandler</name>
         <value>0x188f</value>
      </symbol>
      <symbol id="sm-3b7">
         <name>PORT1_IRQHandler</name>
         <value>0x188f</value>
      </symbol>
      <symbol id="sm-3b8">
         <name>PORT2_IRQHandler</name>
         <value>0x188f</value>
      </symbol>
      <symbol id="sm-3b9">
         <name>PORT3_IRQHandler</name>
         <value>0x188f</value>
      </symbol>
      <symbol id="sm-3ba">
         <name>PORT4_IRQHandler</name>
         <value>0x188f</value>
      </symbol>
      <symbol id="sm-3bb">
         <name>PORT5_IRQHandler</name>
         <value>0x188f</value>
      </symbol>
      <symbol id="sm-3bc">
         <name>PORT6_IRQHandler</name>
         <value>0x188f</value>
      </symbol>
   </symbol_table>
   <title>Link successful</title>
</link_info>
